[    0.000000] Linux version 6.6.8-arch1-1 (linux@archlinux) (gcc (GCC) 13.2.1 20230801, GNU ld (GNU Binutils) 2.41.0) #1 SMP PREEMPT_DYNAMIC Thu, 21 Dec 2023 19:01:01 +0000
[    0.000000] Command line: BOOT_IMAGE=/arch/boot/x86_64/vmlinuz-linux archisobasedir=arch archisodevice=UUID=2024-01-01-16-44-54-00
[    0.000000] BIOS-provided physical RAM map:
[    0.000000] BIOS-e820: [mem 0x0000000000000000-0x000000000009ffff] usable
[    0.000000] BIOS-e820: [mem 0x00000000000a0000-0x00000000000fffff] reserved
[    0.000000] BIOS-e820: [mem 0x0000000000100000-0x0000000009a7efff] usable
[    0.000000] BIOS-e820: [mem 0x0000000009a7f000-0x0000000009ffffff] reserved
[    0.000000] BIOS-e820: [mem 0x000000000a000000-0x000000000a1fffff] usable
[    0.000000] BIOS-e820: [mem 0x000000000a200000-0x000000000a23bfff] ACPI NVS
[    0.000000] BIOS-e820: [mem 0x000000000a23c000-0x000000008fa8ffff] usable
[    0.000000] BIOS-e820: [mem 0x000000008fa90000-0x00000000925edfff] reserved
[    0.000000] BIOS-e820: [mem 0x00000000925ee000-0x0000000092651fff] ACPI data
[    0.000000] BIOS-e820: [mem 0x0000000092652000-0x00000000976c7fff] ACPI NVS
[    0.000000] BIOS-e820: [mem 0x00000000976c8000-0x000000009affefff] reserved
[    0.000000] BIOS-e820: [mem 0x000000009afff000-0x000000009bff8fff] usable
[    0.000000] BIOS-e820: [mem 0x000000009bff9000-0x000000009bffcfff] reserved
[    0.000000] BIOS-e820: [mem 0x000000009bffd000-0x000000009bffefff] usable
[    0.000000] BIOS-e820: [mem 0x000000009bfff000-0x000000009cffffff] reserved
[    0.000000] BIOS-e820: [mem 0x000000009d790000-0x000000009d7effff] reserved
[    0.000000] BIOS-e820: [mem 0x000000009d7f5000-0x000000009fffffff] reserved
[    0.000000] BIOS-e820: [mem 0x00000000e0000000-0x00000000efffffff] reserved
[    0.000000] BIOS-e820: [mem 0x00000000fd000000-0x00000000ffffffff] reserved
[    0.000000] BIOS-e820: [mem 0x0000000100000000-0x00000006de2fffff] usable
[    0.000000] BIOS-e820: [mem 0x00000006df340000-0x00000008801fffff] reserved
[    0.000000] NX (Execute Disable) protection: active
[    0.000000] APIC: Static calls initialized
[    0.000000] e820: update [mem 0x89e6b018-0x89e6e057] usable ==> usable
[    0.000000] e820: update [mem 0x89e6b018-0x89e6e057] usable ==> usable
[    0.000000] extended physical RAM map:
[    0.000000] reserve setup_data: [mem 0x0000000000000000-0x000000000009ffff] usable
[    0.000000] reserve setup_data: [mem 0x00000000000a0000-0x00000000000fffff] reserved
[    0.000000] reserve setup_data: [mem 0x0000000000100000-0x0000000009a7efff] usable
[    0.000000] reserve setup_data: [mem 0x0000000009a7f000-0x0000000009ffffff] reserved
[    0.000000] reserve setup_data: [mem 0x000000000a000000-0x000000000a1fffff] usable
[    0.000000] reserve setup_data: [mem 0x000000000a200000-0x000000000a23bfff] ACPI NVS
[    0.000000] reserve setup_data: [mem 0x000000000a23c000-0x0000000089e6b017] usable
[    0.000000] reserve setup_data: [mem 0x0000000089e6b018-0x0000000089e6e057] usable
[    0.000000] reserve setup_data: [mem 0x0000000089e6e058-0x000000008fa8ffff] usable
[    0.000000] reserve setup_data: [mem 0x000000008fa90000-0x00000000925edfff] reserved
[    0.000000] reserve setup_data: [mem 0x00000000925ee000-0x0000000092651fff] ACPI data
[    0.000000] reserve setup_data: [mem 0x0000000092652000-0x00000000976c7fff] ACPI NVS
[    0.000000] reserve setup_data: [mem 0x00000000976c8000-0x000000009affefff] reserved
[    0.000000] reserve setup_data: [mem 0x000000009afff000-0x000000009bff8fff] usable
[    0.000000] reserve setup_data: [mem 0x000000009bff9000-0x000000009bffcfff] reserved
[    0.000000] reserve setup_data: [mem 0x000000009bffd000-0x000000009bffefff] usable
[    0.000000] reserve setup_data: [mem 0x000000009bfff000-0x000000009cffffff] reserved
[    0.000000] reserve setup_data: [mem 0x000000009d790000-0x000000009d7effff] reserved
[    0.000000] reserve setup_data: [mem 0x000000009d7f5000-0x000000009fffffff] reserved
[    0.000000] reserve setup_data: [mem 0x00000000e0000000-0x00000000efffffff] reserved
[    0.000000] reserve setup_data: [mem 0x00000000fd000000-0x00000000ffffffff] reserved
[    0.000000] reserve setup_data: [mem 0x0000000100000000-0x00000006de2fffff] usable
[    0.000000] reserve setup_data: [mem 0x00000006df340000-0x00000008801fffff] reserved
[    0.000000] efi: EFI v2.8 by American Megatrends
[    0.000000] efi: ACPI=0x976ae000 ACPI 2.0=0x976ae014 TPMFinalLog=0x9767d000 SMBIOS=0x9ad87000 SMBIOS 3.0=0x9ad86000 MEMATTR=0x8cc0c018 ESRT=0x8e767318 INITRD=0x89e84518 RNG=0x92601018 TPMEventLog=0x89e6f018 
[    0.000000] random: crng init done
[    0.000000] [Firmware Bug]: Failed to parse event in TPM Final Events Log
[    0.000000] efi: Remove mem52: MMIO range=[0xe0000000-0xefffffff] (256MB) from e820 map
[    0.000000] e820: remove [mem 0xe0000000-0xefffffff] reserved
[    0.000000] efi: Remove mem53: MMIO range=[0xfd000000-0xfedfffff] (30MB) from e820 map
[    0.000000] e820: remove [mem 0xfd000000-0xfedfffff] reserved
[    0.000000] efi: Not removing mem54: MMIO range=[0xfee00000-0xfee00fff] (4KB) from e820 map
[    0.000000] efi: Remove mem55: MMIO range=[0xfee01000-0xffffffff] (17MB) from e820 map
[    0.000000] e820: remove [mem 0xfee01000-0xffffffff] reserved
[    0.000000] efi: Remove mem57: MMIO range=[0x860000000-0x8801fffff] (514MB) from e820 map
[    0.000000] e820: remove [mem 0x860000000-0x8801fffff] reserved
[    0.000000] SMBIOS 3.5.0 present.
[    0.000000] DMI: AYANEO KUN/KUN, BIOS 1.9 08/09/2023
[    0.000000] tsc: Fast TSC calibration using PIT
[    0.000000] tsc: Detected 3293.572 MHz processor
[    0.000131] e820: update [mem 0x00000000-0x00000fff] usable ==> reserved
[    0.000133] e820: remove [mem 0x000a0000-0x000fffff] usable
[    0.000139] last_pfn = 0x6de300 max_arch_pfn = 0x400000000
[    0.000145] MTRR map: 5 entries (3 fixed + 2 variable; max 20), built from 9 variable MTRRs
[    0.000147] x86/PAT: Configuration [0-7]: WB  WC  UC- UC  WB  WP  UC- WT  
[    0.000328] e820: update [mem 0xa0000000-0xffffffff] usable ==> reserved
[    0.000335] last_pfn = 0x9bfff max_arch_pfn = 0x400000000
[    0.003855] esrt: Reserving ESRT space from 0x000000008e767318 to 0x000000008e767350.
[    0.003861] e820: update [mem 0x8e767000-0x8e767fff] usable ==> reserved
[    0.003874] Using GB pages for direct mapping
[    0.004428] Secure boot disabled
[    0.004429] RAMDISK: [mem 0x77bf1000-0x7cda2fff]
[    0.004434] ACPI: Early table checksum verification disabled
[    0.004437] ACPI: RSDP 0x00000000976AE014 000024 (v02 ALASKA)
[    0.004440] ACPI: XSDT 0x00000000976AD728 000114 (v01 ALASKA A M I    01072009 AMI  01000013)
[    0.004446] ACPI: FACP 0x0000000092647000 000114 (v06 ALASKA A M I    01072009 AMI  00010013)
[    0.004450] ACPI: DSDT 0x000000009263E000 008ADA (v02 ALASKA A M I    01072009 INTL 20220331)
[    0.004452] ACPI: FACS 0x000000009366A000 000040
[    0.004454] ACPI: SSDT 0x0000000092649000 008416 (v02 AMD    AmdTable 00000002 MSFT 02000002)
[    0.004456] ACPI: SSDT 0x0000000092648000 000221 (v02 ALASKA CPUSSDT  01072009 AMI  01072009)
[    0.004458] ACPI: FIDT 0x000000009263D000 00009C (v01 ALASKA A M I    01072009 AMI  00010013)
[    0.004459] ACPI: MCFG 0x000000009263C000 00003C (v01 ALASKA A M I    01072009 MSFT 00010013)
[    0.004461] ACPI: FPDT 0x000000009263B000 000044 (v01 ALASKA A M I    01072009 AMI  01000013)
[    0.004463] ACPI: VFCT 0x0000000092637000 003084 (v01 ALASKA A M I    00000001 AMD  33504F47)
[    0.004464] ACPI: TPM2 0x0000000092636000 00004C (v04 ALASKA A M I    00000001 AMI  00000000)
[    0.004466] ACPI: SSDT 0x0000000092630000 00547E (v02 AMD    AmdTable 00000001 AMD  00000001)
[    0.004468] ACPI: CRAT 0x000000009262F000 000EE8 (v01 AMD    AmdTable 00000001 AMD  00000001)
[    0.004469] ACPI: CDIT 0x000000009262E000 000029 (v01 AMD    AmdTable 00000001 AMD  00000001)
[    0.004471] ACPI: SSDT 0x000000009262C000 0015C0 (v02 AMD    CPMDFIG2 00000001 INTL 20220331)
[    0.004473] ACPI: SSDT 0x0000000092629000 002A87 (v02 AMD    CDFAAIG2 00000001 INTL 20220331)
[    0.004474] ACPI: SSDT 0x0000000092628000 000772 (v02 AMD    CPMEC    00000001 INTL 20220331)
[    0.004476] ACPI: SSDT 0x0000000092627000 00043C (v02 AMD    OEMACP   00000001 INTL 20220331)
[    0.004478] ACPI: SSDT 0x0000000092626000 000634 (v02 AMD    OEMPMF   00000001 INTL 20220331)
[    0.004479] ACPI: SSDT 0x000000009261C000 0096EF (v02 AMD    CPMCMN   00000001 INTL 20220331)
[    0.004481] ACPI: WSMT 0x000000009261B000 000028 (v01 ALASKA A M I    01072009 AMI  00010013)
[    0.004482] ACPI: APIC 0x000000009261A000 0000E8 (v05 ALASKA A M I    01072009 AMI  00010013)
[    0.004484] ACPI: IVRS 0x0000000092619000 0001A4 (v02 AMD    AmdTable 00000001 AMD  00000001)
[    0.004486] ACPI: SSDT 0x0000000092618000 00094E (v02 AMD    CPMMSOSC 00000001 INTL 20220331)
[    0.004487] ACPI: SSDT 0x0000000092617000 000EA5 (v02 AMD    CPMACPV5 00000001 INTL 20220331)
[    0.004489] ACPI: SSDT 0x0000000092616000 0005FF (v02 AMD    TOUCHPNL 00000001 INTL 20220331)
[    0.004490] ACPI: SSDT 0x0000000092615000 000600 (v02 AMD    TOUCHPAD 00000001 INTL 20220331)
[    0.004492] ACPI: SSDT 0x0000000092614000 0007D5 (v02 AMD    THERMAL0 00000001 INTL 20220331)
[    0.004494] ACPI: SSDT 0x0000000092613000 000FEF (v02 AMD    GPP_PME_ 00000001 INTL 20220331)
[    0.004495] ACPI: SSDT 0x0000000092609000 009837 (v02 AMD    INTGPP03 00000001 INTL 20220331)
[    0.004497] ACPI: SSDT 0x0000000092604000 004FE3 (v02 AMD    INTGPP01 00000001 INTL 20220331)
[    0.004499] ACPI: SSDT 0x0000000092603000 000CC9 (v02 AMD    CPMGPIO0 00000001 INTL 20220331)
[    0.004500] ACPI: SSDT 0x0000000092602000 000C43 (v02 AMD    WwanSsdt 00000001 INTL 20220331)
[    0.004502] ACPI: Reserving FACP table memory at [mem 0x92647000-0x92647113]
[    0.004503] ACPI: Reserving DSDT table memory at [mem 0x9263e000-0x92646ad9]
[    0.004503] ACPI: Reserving FACS table memory at [mem 0x9366a000-0x9366a03f]
[    0.004504] ACPI: Reserving SSDT table memory at [mem 0x92649000-0x92651415]
[    0.004504] ACPI: Reserving SSDT table memory at [mem 0x92648000-0x92648220]
[    0.004504] ACPI: Reserving FIDT table memory at [mem 0x9263d000-0x9263d09b]
[    0.004505] ACPI: Reserving MCFG table memory at [mem 0x9263c000-0x9263c03b]
[    0.004505] ACPI: Reserving FPDT table memory at [mem 0x9263b000-0x9263b043]
[    0.004506] ACPI: Reserving VFCT table memory at [mem 0x92637000-0x9263a083]
[    0.004506] ACPI: Reserving TPM2 table memory at [mem 0x92636000-0x9263604b]
[    0.004507] ACPI: Reserving SSDT table memory at [mem 0x92630000-0x9263547d]
[    0.004507] ACPI: Reserving CRAT table memory at [mem 0x9262f000-0x9262fee7]
[    0.004508] ACPI: Reserving CDIT table memory at [mem 0x9262e000-0x9262e028]
[    0.004508] ACPI: Reserving SSDT table memory at [mem 0x9262c000-0x9262d5bf]
[    0.004508] ACPI: Reserving SSDT table memory at [mem 0x92629000-0x9262ba86]
[    0.004509] ACPI: Reserving SSDT table memory at [mem 0x92628000-0x92628771]
[    0.004509] ACPI: Reserving SSDT table memory at [mem 0x92627000-0x9262743b]
[    0.004510] ACPI: Reserving SSDT table memory at [mem 0x92626000-0x92626633]
[    0.004510] ACPI: Reserving SSDT table memory at [mem 0x9261c000-0x926256ee]
[    0.004511] ACPI: Reserving WSMT table memory at [mem 0x9261b000-0x9261b027]
[    0.004511] ACPI: Reserving APIC table memory at [mem 0x9261a000-0x9261a0e7]
[    0.004512] ACPI: Reserving IVRS table memory at [mem 0x92619000-0x926191a3]
[    0.004512] ACPI: Reserving SSDT table memory at [mem 0x92618000-0x9261894d]
[    0.004512] ACPI: Reserving SSDT table memory at [mem 0x92617000-0x92617ea4]
[    0.004513] ACPI: Reserving SSDT table memory at [mem 0x92616000-0x926165fe]
[    0.004513] ACPI: Reserving SSDT table memory at [mem 0x92615000-0x926155ff]
[    0.004514] ACPI: Reserving SSDT table memory at [mem 0x92614000-0x926147d4]
[    0.004514] ACPI: Reserving SSDT table memory at [mem 0x92613000-0x92613fee]
[    0.004515] ACPI: Reserving SSDT table memory at [mem 0x92609000-0x92612836]
[    0.004515] ACPI: Reserving SSDT table memory at [mem 0x92604000-0x92608fe2]
[    0.004516] ACPI: Reserving SSDT table memory at [mem 0x92603000-0x92603cc8]
[    0.004516] ACPI: Reserving SSDT table memory at [mem 0x92602000-0x92602c42]
[    0.004575] No NUMA configuration found
[    0.004576] Faking a node at [mem 0x0000000000000000-0x00000006de2fffff]
[    0.004578] NODE_DATA(0) allocated [mem 0x6de2fb000-0x6de2fffff]
[    0.004604] Zone ranges:
[    0.004605]   DMA      [mem 0x0000000000001000-0x0000000000ffffff]
[    0.004606]   DMA32    [mem 0x0000000001000000-0x00000000ffffffff]
[    0.004607]   Normal   [mem 0x0000000100000000-0x00000006de2fffff]
[    0.004608]   Device   empty
[    0.004609] Movable zone start for each node
[    0.004609] Early memory node ranges
[    0.004610]   node   0: [mem 0x0000000000001000-0x000000000009ffff]
[    0.004611]   node   0: [mem 0x0000000000100000-0x0000000009a7efff]
[    0.004611]   node   0: [mem 0x000000000a000000-0x000000000a1fffff]
[    0.004612]   node   0: [mem 0x000000000a23c000-0x000000008fa8ffff]
[    0.004612]   node   0: [mem 0x000000009afff000-0x000000009bff8fff]
[    0.004613]   node   0: [mem 0x000000009bffd000-0x000000009bffefff]
[    0.004613]   node   0: [mem 0x0000000100000000-0x00000006de2fffff]
[    0.004615] Initmem setup node 0 [mem 0x0000000000001000-0x00000006de2fffff]
[    0.004619] On node 0, zone DMA: 1 pages in unavailable ranges
[    0.004630] On node 0, zone DMA: 96 pages in unavailable ranges
[    0.004714] On node 0, zone DMA32: 1409 pages in unavailable ranges
[    0.006272] On node 0, zone DMA32: 60 pages in unavailable ranges
[    0.006333] On node 0, zone DMA32: 13679 pages in unavailable ranges
[    0.006334] On node 0, zone DMA32: 4 pages in unavailable ranges
[    0.023430] On node 0, zone Normal: 16385 pages in unavailable ranges
[    0.023462] On node 0, zone Normal: 7424 pages in unavailable ranges
[    0.023757] ACPI: PM-Timer IO Port: 0x808
[    0.023764] ACPI: LAPIC_NMI (acpi_id[0xff] high edge lint[0x1])
[    0.023779] IOAPIC[0]: apic_id 33, version 33, address 0xfec00000, GSI 0-23
[    0.023784] IOAPIC[1]: apic_id 34, version 33, address 0xfec01000, GSI 24-55
[    0.023786] ACPI: INT_SRC_OVR (bus 0 bus_irq 0 global_irq 2 dfl dfl)
[    0.023787] ACPI: INT_SRC_OVR (bus 0 bus_irq 1 global_irq 1 low edge)
[    0.023788] ACPI: INT_SRC_OVR (bus 0 bus_irq 9 global_irq 9 low level)
[    0.023791] ACPI: Using ACPI (MADT) for SMP configuration information
[    0.023792] smpboot: Allowing 16 CPUs, 0 hotplug CPUs
[    0.023808] PM: hibernation: Registered nosave memory: [mem 0x00000000-0x00000fff]
[    0.023809] PM: hibernation: Registered nosave memory: [mem 0x000a0000-0x000fffff]
[    0.023810] PM: hibernation: Registered nosave memory: [mem 0x09a7f000-0x09ffffff]
[    0.023811] PM: hibernation: Registered nosave memory: [mem 0x0a200000-0x0a23bfff]
[    0.023812] PM: hibernation: Registered nosave memory: [mem 0x89e6b000-0x89e6bfff]
[    0.023813] PM: hibernation: Registered nosave memory: [mem 0x89e6e000-0x89e6efff]
[    0.023814] PM: hibernation: Registered nosave memory: [mem 0x8e767000-0x8e767fff]
[    0.023815] PM: hibernation: Registered nosave memory: [mem 0x8fa90000-0x925edfff]
[    0.023815] PM: hibernation: Registered nosave memory: [mem 0x925ee000-0x92651fff]
[    0.023816] PM: hibernation: Registered nosave memory: [mem 0x92652000-0x976c7fff]
[    0.023816] PM: hibernation: Registered nosave memory: [mem 0x976c8000-0x9affefff]
[    0.023817] PM: hibernation: Registered nosave memory: [mem 0x9bff9000-0x9bffcfff]
[    0.023818] PM: hibernation: Registered nosave memory: [mem 0x9bfff000-0x9cffffff]
[    0.023818] PM: hibernation: Registered nosave memory: [mem 0x9d000000-0x9d78ffff]
[    0.023819] PM: hibernation: Registered nosave memory: [mem 0x9d790000-0x9d7effff]
[    0.023819] PM: hibernation: Registered nosave memory: [mem 0x9d7f0000-0x9d7f4fff]
[    0.023820] PM: hibernation: Registered nosave memory: [mem 0x9d7f5000-0x9fffffff]
[    0.023820] PM: hibernation: Registered nosave memory: [mem 0xa0000000-0xfedfffff]
[    0.023820] PM: hibernation: Registered nosave memory: [mem 0xfee00000-0xfee00fff]
[    0.023821] PM: hibernation: Registered nosave memory: [mem 0xfee01000-0xffffffff]
[    0.023822] [mem 0xa0000000-0xfedfffff] available for PCI devices
[    0.023824] Booting paravirtualized kernel on bare hardware
[    0.023826] clocksource: refined-jiffies: mask: 0xffffffff max_cycles: 0xffffffff, max_idle_ns: 6370452778343963 ns
[    0.027714] setup_percpu: NR_CPUS:320 nr_cpumask_bits:16 nr_cpu_ids:16 nr_node_ids:1
[    0.027940] percpu: Embedded 64 pages/cpu s225280 r8192 d28672 u262144
[    0.027944] pcpu-alloc: s225280 r8192 d28672 u262144 alloc=1*2097152
[    0.027946] pcpu-alloc: [0] 00 01 02 03 04 05 06 07 [0] 08 09 10 11 12 13 14 15 
[    0.027964] Kernel command line: BOOT_IMAGE=/arch/boot/x86_64/vmlinuz-linux archisobasedir=arch archisodevice=UUID=2024-01-01-16-44-54-00
[    0.028006] Unknown kernel command line parameters "BOOT_IMAGE=/arch/boot/x86_64/vmlinuz-linux archisobasedir=arch archisodevice=UUID=2024-01-01-16-44-54-00", will be passed to user space.
[    0.029520] Dentry cache hash table entries: 4194304 (order: 13, 33554432 bytes, linear)
[    0.030221] Inode-cache hash table entries: 2097152 (order: 12, 16777216 bytes, linear)
[    0.030266] Fallback order for Node 0: 0 
[    0.030271] Built 1 zonelists, mobility grouping on.  Total pages: 6638383
[    0.030272] Policy zone: Normal
[    0.030364] mem auto-init: stack:all(zero), heap alloc:on, heap free:off
[    0.030411] software IO TLB: area num 16.
[    0.059213] Memory: 26265460K/26975672K available (16384K kernel code, 2132K rwdata, 13072K rodata, 3412K init, 3840K bss, 709956K reserved, 0K cma-reserved)
[    0.059410] SLUB: HWalign=64, Order=0-3, MinObjects=0, CPUs=16, Nodes=1
[    0.059433] ftrace: allocating 48809 entries in 191 pages
[    0.068293] ftrace: allocated 191 pages with 7 groups
[    0.068339] Dynamic Preempt: full
[    0.068386] rcu: Preemptible hierarchical RCU implementation.
[    0.068386] rcu: 	RCU restricting CPUs from NR_CPUS=320 to nr_cpu_ids=16.
[    0.068387] rcu: 	RCU priority boosting: priority 1 delay 500 ms.
[    0.068388] 	Trampoline variant of Tasks RCU enabled.
[    0.068388] 	Rude variant of Tasks RCU enabled.
[    0.068389] 	Tracing variant of Tasks RCU enabled.
[    0.068389] rcu: RCU calculated value of scheduler-enlistment delay is 30 jiffies.
[    0.068390] rcu: Adjusting geometry for rcu_fanout_leaf=16, nr_cpu_ids=16
[    0.070202] NR_IRQS: 20736, nr_irqs: 1096, preallocated irqs: 16
[    0.070408] rcu: srcu_init: Setting srcu_struct sizes based on contention.
[    0.070561] kfence: initialized - using 2097152 bytes for 255 objects at 0x(____ptrval____)-0x(____ptrval____)
[    0.070595] Console: colour dummy device 80x25
[    0.070597] printk: console [tty0] enabled
[    0.070633] ACPI: Core revision 20230628
[    0.070825] APIC: Switch to symmetric I/O mode setup
[    0.071411] AMD-Vi: ivrs, add hid:AMDI0020, uid:\_SB.FUR0, rdevid:160
[    0.071413] AMD-Vi: ivrs, add hid:AMDI0020, uid:\_SB.FUR1, rdevid:160
[    0.071413] AMD-Vi: ivrs, add hid:AMDI0020, uid:\_SB.FUR2, rdevid:160
[    0.071414] AMD-Vi: ivrs, add hid:AMDI0020, uid:\_SB.FUR3, rdevid:160
[    0.071415] AMD-Vi: Using global IVHD EFR:0x246577efa2254afa, EFR2:0x0
[    0.071986] x2apic: IRQ remapping doesn't support X2APIC mode
[    0.071993] APIC: Switched APIC routing to: physical flat
[    0.072763] ..TIMER: vector=0x30 apic1=0 pin1=2 apic2=-1 pin2=-1
[    0.087482] clocksource: tsc-early: mask: 0xffffffffffffffff max_cycles: 0x2f799478792, max_idle_ns: 440795372057 ns
[    0.087487] Calibrating delay loop (skipped), value calculated using timer frequency.. 6589.60 BogoMIPS (lpj=10978573)
[    0.087512] x86/cpu: User Mode Instruction Prevention (UMIP) activated
[    0.087563] LVT offset 1 assigned for vector 0xf9
[    0.087763] LVT offset 2 assigned for vector 0xf4
[    0.087810] process: using mwait in idle threads
[    0.087812] Last level iTLB entries: 4KB 512, 2MB 512, 4MB 256
[    0.087813] Last level dTLB entries: 4KB 2048, 2MB 2048, 4MB 1024, 1GB 0
[    0.087816] Spectre V1 : Mitigation: usercopy/swapgs barriers and __user pointer sanitization
[    0.087819] Spectre V2 : Mitigation: Enhanced / Automatic IBRS
[    0.087819] Spectre V2 : Spectre v2 / SpectreRSB mitigation: Filling RSB on context switch
[    0.087821] Spectre V2 : mitigation: Enabling conditional Indirect Branch Prediction Barrier
[    0.087822] Spectre V2 : User space: Mitigation: STIBP always-on protection
[    0.087823] Speculative Store Bypass: Mitigation: Speculative Store Bypass disabled via prctl
[    0.087825] Speculative Return Stack Overflow: IBPB-extending microcode not applied!
[    0.087826] Speculative Return Stack Overflow: WARNING: See https://kernel.org/doc/html/latest/admin-guide/hw-vuln/srso.html for mitigation options.
[    0.087827] Speculative Return Stack Overflow: Vulnerable: Safe RET, no microcode
[    0.087832] x86/fpu: Supporting XSAVE feature 0x001: 'x87 floating point registers'
[    0.087833] x86/fpu: Supporting XSAVE feature 0x002: 'SSE registers'
[    0.087834] x86/fpu: Supporting XSAVE feature 0x004: 'AVX registers'
[    0.087835] x86/fpu: Supporting XSAVE feature 0x020: 'AVX-512 opmask'
[    0.087835] x86/fpu: Supporting XSAVE feature 0x040: 'AVX-512 Hi256'
[    0.087836] x86/fpu: Supporting XSAVE feature 0x080: 'AVX-512 ZMM_Hi256'
[    0.087837] x86/fpu: Supporting XSAVE feature 0x200: 'Protection Keys User registers'
[    0.087837] x86/fpu: Supporting XSAVE feature 0x800: 'Control-flow User registers'
[    0.087839] x86/fpu: xstate_offset[2]:  576, xstate_sizes[2]:  256
[    0.087840] x86/fpu: xstate_offset[5]:  832, xstate_sizes[5]:   64
[    0.087841] x86/fpu: xstate_offset[6]:  896, xstate_sizes[6]:  512
[    0.087841] x86/fpu: xstate_offset[7]: 1408, xstate_sizes[7]: 1024
[    0.087842] x86/fpu: xstate_offset[9]: 2432, xstate_sizes[9]:    8
[    0.087843] x86/fpu: xstate_offset[11]: 2440, xstate_sizes[11]:   16
[    0.087843] x86/fpu: Enabled xstate features 0xae7, context size is 2456 bytes, using 'compacted' format.
[    0.108959] Freeing SMP alternatives memory: 40K
[    0.108962] pid_max: default: 32768 minimum: 301
[    0.110536] LSM: initializing lsm=capability,landlock,lockdown,yama,bpf,integrity
[    0.110566] landlock: Up and running.
[    0.110567] Yama: becoming mindful.
[    0.110571] LSM support for eBPF active
[    0.110613] Mount-cache hash table entries: 65536 (order: 7, 524288 bytes, linear)
[    0.110630] Mountpoint-cache hash table entries: 65536 (order: 7, 524288 bytes, linear)
[    0.217719] smpboot: CPU0: AMD Ryzen 7 7840U w/ Radeon 780M Graphics (family: 0x19, model: 0x74, stepping: 0x1)
[    0.217927] RCU Tasks: Setting shift to 4 and lim to 1 rcu_task_cb_adjust=1.
[    0.217947] RCU Tasks Rude: Setting shift to 4 and lim to 1 rcu_task_cb_adjust=1.
[    0.217965] RCU Tasks Trace: Setting shift to 4 and lim to 1 rcu_task_cb_adjust=1.
[    0.217988] Performance Events: Fam17h+ 16-deep LBR, core perfctr, AMD PMU driver.
[    0.218016] ... version:                2
[    0.218017] ... bit width:              48
[    0.218018] ... generic registers:      6
[    0.218019] ... value mask:             0000ffffffffffff
[    0.218020] ... max period:             00007fffffffffff
[    0.218021] ... fixed-purpose events:   0
[    0.218022] ... event mask:             000000000000003f
[    0.218110] signal: max sigframe size: 3376
[    0.218136] rcu: Hierarchical SRCU implementation.
[    0.218137] rcu: 	Max phase no-delay instances is 1000.
[    0.220691] NMI watchdog: Enabled. Permanently consumes one hw-PMU counter.
[    0.220818] smp: Bringing up secondary CPUs ...
[    0.220818] smpboot: x86: Booting SMP configuration:
[    0.220818] .... node  #0, CPUs:        #1  #2  #3  #4  #5  #6  #7  #8  #9 #10 #11 #12 #13 #14 #15
[    0.239488] Spectre V2 : Update user space SMT mitigation: STIBP always-on
[    0.254196] smp: Brought up 1 node, 16 CPUs
[    0.254196] smpboot: Max logical packages: 1
[    0.254196] smpboot: Total of 16 processors activated (105436.73 BogoMIPS)
[    0.258042] devtmpfs: initialized
[    0.258042] x86/mm: Memory block size: 128MB
[    0.259849] ACPI: PM: Registering ACPI NVS region [mem 0x0a200000-0x0a23bfff] (245760 bytes)
[    0.259849] ACPI: PM: Registering ACPI NVS region [mem 0x92652000-0x976c7fff] (84369408 bytes)
[    0.262020] clocksource: jiffies: mask: 0xffffffff max_cycles: 0xffffffff, max_idle_ns: 6370867519511994 ns
[    0.262033] futex hash table entries: 4096 (order: 6, 262144 bytes, linear)
[    0.262103] pinctrl core: initialized pinctrl subsystem
[    0.262246] PM: RTC time: 11:06:07, date: 2024-02-04
[    0.262611] NET: Registered PF_NETLINK/PF_ROUTE protocol family
[    0.262887] DMA: preallocated 4096 KiB GFP_KERNEL pool for atomic allocations
[    0.263031] DMA: preallocated 4096 KiB GFP_KERNEL|GFP_DMA pool for atomic allocations
[    0.263182] DMA: preallocated 4096 KiB GFP_KERNEL|GFP_DMA32 pool for atomic allocations
[    0.263200] audit: initializing netlink subsys (disabled)
[    0.263213] audit: type=2000 audit(1707044767.193:1): state=initialized audit_enabled=0 res=1
[    0.263213] thermal_sys: Registered thermal governor 'fair_share'
[    0.263213] thermal_sys: Registered thermal governor 'bang_bang'
[    0.263213] thermal_sys: Registered thermal governor 'step_wise'
[    0.263213] thermal_sys: Registered thermal governor 'user_space'
[    0.263213] thermal_sys: Registered thermal governor 'power_allocator'
[    0.263213] cpuidle: using governor ladder
[    0.263213] cpuidle: using governor menu
[    0.263213] acpiphp: ACPI Hot Plug PCI Controller Driver version: 0.5
[    0.263213] PCI: MMCONFIG for domain 0000 [bus 00-ff] at [mem 0xe0000000-0xefffffff] (base 0xe0000000)
[    0.263213] PCI: not using MMCONFIG
[    0.263213] PCI: Using configuration type 1 for base access
[    0.263213] PCI: Using configuration type 1 for extended access
[    0.264403] kprobes: kprobe jump-optimization is enabled. All kprobes are optimized if possible.
[    0.270952] HugeTLB: registered 1.00 GiB page size, pre-allocated 0 pages
[    0.270955] HugeTLB: 16380 KiB vmemmap can be freed for a 1.00 GiB page
[    0.270957] HugeTLB: registered 2.00 MiB page size, pre-allocated 0 pages
[    0.270958] HugeTLB: 28 KiB vmemmap can be freed for a 2.00 MiB page
[    0.274320] fbcon: Taking over console
[    0.274354] ACPI: Added _OSI(Module Device)
[    0.274363] ACPI: Added _OSI(Processor Device)
[    0.274365] ACPI: Added _OSI(3.0 _SCP Extensions)
[    0.274366] ACPI: Added _OSI(Processor Aggregator Device)
[    0.300448] ACPI: 20 ACPI AML tables successfully acquired and loaded
[    0.303651] ACPI: [Firmware Bug]: BIOS _OSI(Linux) query ignored
[    0.324917] ACPI: USB4 _OSC: OS supports USB3+ DisplayPort+ PCIe+ XDomain+
[    0.324920] ACPI: USB4 _OSC: OS controls USB3+ DisplayPort+ PCIe+ XDomain+
[    0.325618] ACPI: _OSC evaluation for CPUs failed, trying _PDC
[    0.325661] ACPI: EC: EC started
[    0.325661] ACPI: EC: interrupt blocked
[    0.325661] ACPI: EC: EC_CMD/EC_SC=0x66, EC_DATA=0x62
[    0.325661] ACPI: \_SB_.PCI0.SBRG.EC0_: Boot DSDT EC used to handle transactions
[    0.325661] ACPI: Interpreter enabled
[    0.325661] ACPI: PM: (supports S0 S4 S5)
[    0.325661] ACPI: Using IOAPIC for interrupt routing
[    0.327093] PCI: MMCONFIG for domain 0000 [bus 00-ff] at [mem 0xe0000000-0xefffffff] (base 0xe0000000)
[    0.327149] PCI: MMCONFIG at [mem 0xe0000000-0xefffffff] reserved as ACPI motherboard resource
[    0.327162] PCI: Using host bridge windows from ACPI; if necessary, use "pci=nocrs" and report a bug
[    0.327163] PCI: Ignoring E820 reservations for host bridge windows
[    0.327933] ACPI: Enabled 4 GPEs in block 00 to 1F
[    0.329330] ACPI: \_SB_.PCI0.GPP2.P0WW: New power resource
[    0.332682] ACPI: \_SB_.PCI0.GP11.PWRS: New power resource
[    0.334904] ACPI: \_SB_.PCI0.GP11.SWUS.PWRS: New power resource
[    0.337018] ACPI: \_SB_.PCI0.GP12.PWRS: New power resource
[    0.339116] ACPI: \_SB_.PCI0.GP12.SWUS.PWRS: New power resource
[    0.339498] ACPI: \_SB_.PCI0.GP17.PWRS: New power resource
[    0.339894] ACPI: \_SB_.PCI0.GP17.VGA_.PWRS: New power resource
[    0.340370] ACPI: \_SB_.PCI0.GP17.HDAU.PWRS: New power resource
[    0.340769] ACPI: \_SB_.PCI0.GP17.ACP_.PWRS: New power resource
[    0.341604] ACPI: \_SB_.PCI0.GP17.AZAL.PWRS: New power resource
[    0.342550] ACPI: \_SB_.PCI0.GP17.XHC0.PWRS: New power resource
[    0.346954] ACPI: \_SB_.PCI0.GP17.XHC1.PWRS: New power resource
[    0.349130] ACPI: \_SB_.PCI0.GP19.XHC2.PWRS: New power resource
[    0.351353] ACPI: \_SB_.PCI0.GP19.XHC3.PWRS: New power resource
[    0.353640] ACPI: \_SB_.PCI0.GP19.XHC4.PWRS: New power resource
[    0.355960] ACPI: \_SB_.PCI0.GP19.NHI0.PWRS: New power resource
[    0.357228] ACPI: \_SB_.PCI0.GP19.NHI1.PWRS: New power resource
[    0.388783] ACPI: PCI Root Bridge [PCI0] (domain 0000 [bus 00-ff])
[    0.388790] acpi PNP0A08:00: _OSC: OS supports [ExtendedConfig ASPM ClockPM Segments MSI EDR HPX-Type3]
[    0.389041] acpi PNP0A08:00: _OSC: OS now controls [PCIeHotplug SHPCHotplug PME AER PCIeCapability LTR DPC]
[    0.389922] PCI host bridge to bus 0000:00
[    0.389923] pci_bus 0000:00: root bus resource [io  0x0000-0x03af window]
[    0.389926] pci_bus 0000:00: root bus resource [io  0x03e0-0x0cf7 window]
[    0.389928] pci_bus 0000:00: root bus resource [io  0x03b0-0x03df window]
[    0.389929] pci_bus 0000:00: root bus resource [io  0x0d00-0xffff window]
[    0.389931] pci_bus 0000:00: root bus resource [mem 0x000a0000-0x000dffff window]
[    0.389932] pci_bus 0000:00: root bus resource [mem 0xfa000000-0xfcffffff window]
[    0.389934] pci_bus 0000:00: root bus resource [mem 0xf0000000-0xf9ffffff window]
[    0.389935] pci_bus 0000:00: root bus resource [mem 0xa0000000-0xdfffffff window]
[    0.389937] pci_bus 0000:00: root bus resource [mem 0x860000000-0x7fffffffff window]
[    0.389938] pci_bus 0000:00: root bus resource [bus 00-ff]
[    0.389957] pci 0000:00:00.0: [1022:14e8] type 00 class 0x060000
[    0.390082] pci 0000:00:00.2: [1022:14e9] type 00 class 0x080600
[    0.390198] pci 0000:00:01.0: [1022:14ea] type 00 class 0x060000
[    0.390274] pci 0000:00:01.2: [1022:14ed] type 01 class 0x060400
[    0.390439] pci 0000:00:01.2: enabling Extended Tags
[    0.390522] pci 0000:00:01.2: PME# supported from D0 D3hot D3cold
[    0.390714] pci 0000:00:02.0: [1022:14ea] type 00 class 0x060000
[    0.390786] pci 0000:00:02.2: [1022:14ee] type 01 class 0x060400
[    0.390816] pci 0000:00:02.2: enabling Extended Tags
[    0.390872] pci 0000:00:02.2: PME# supported from D0 D3hot D3cold
[    0.391013] pci 0000:00:02.3: [1022:14ee] type 01 class 0x060400
[    0.391044] pci 0000:00:02.3: enabling Extended Tags
[    0.391095] pci 0000:00:02.3: PME# supported from D0 D3hot D3cold
[    0.391240] pci 0000:00:03.0: [1022:14ea] type 00 class 0x060000
[    0.391310] pci 0000:00:03.1: [1022:14ef] type 01 class 0x060400
[    0.391476] pci 0000:00:03.1: enabling Extended Tags
[    0.391859] pci 0000:00:03.1: PME# supported from D0 D3hot D3cold
[    0.393476] pci 0000:00:04.0: [1022:14ea] type 00 class 0x060000
[    0.393546] pci 0000:00:04.1: [1022:14ef] type 01 class 0x060400
[    0.393712] pci 0000:00:04.1: enabling Extended Tags
[    0.394085] pci 0000:00:04.1: PME# supported from D0 D3hot D3cold
[    0.395688] pci 0000:00:08.0: [1022:14ea] type 00 class 0x060000
[    0.395752] pci 0000:00:08.1: [1022:14eb] type 01 class 0x060400
[    0.395778] pci 0000:00:08.1: enabling Extended Tags
[    0.395818] pci 0000:00:08.1: PME# supported from D0 D3hot D3cold
[    0.395974] pci 0000:00:08.2: [1022:14eb] type 01 class 0x060400
[    0.396030] pci 0000:00:08.2: enabling Extended Tags
[    0.396069] pci 0000:00:08.2: PME# supported from D0 D3hot D3cold
[    0.396187] pci 0000:00:08.3: [1022:14eb] type 01 class 0x060400
[    0.396212] pci 0000:00:08.3: enabling Extended Tags
[    0.396251] pci 0000:00:08.3: PME# supported from D0 D3hot D3cold
[    0.396621] pci 0000:00:14.0: [1022:790b] type 00 class 0x0c0500
[    0.396768] pci 0000:00:14.3: [1022:790e] type 00 class 0x060100
[    0.396926] pci 0000:00:18.0: [1022:14f0] type 00 class 0x060000
[    0.396967] pci 0000:00:18.1: [1022:14f1] type 00 class 0x060000
[    0.397007] pci 0000:00:18.2: [1022:14f2] type 00 class 0x060000
[    0.397046] pci 0000:00:18.3: [1022:14f3] type 00 class 0x060000
[    0.397088] pci 0000:00:18.4: [1022:14f4] type 00 class 0x060000
[    0.397128] pci 0000:00:18.5: [1022:14f5] type 00 class 0x060000
[    0.397168] pci 0000:00:18.6: [1022:14f6] type 00 class 0x060000
[    0.397210] pci 0000:00:18.7: [1022:14f7] type 00 class 0x060000
[    0.397499] pci 0000:01:00.0: [1d97:1602] type 00 class 0x010802
[    0.397513] pci 0000:01:00.0: reg 0x10: [mem 0xdcb00000-0xdcb03fff 64bit]
[    0.397638] pci 0000:01:00.0: reg 0x1f8: [mem 0x00000000-0x00003fff 64bit]
[    0.397640] pci 0000:01:00.0: VF(n) BAR0 space: [mem 0x00000000-0x0000bfff 64bit] (contains BAR0 for 3 VFs)
[    0.397649] pci 0000:01:00.0: reg 0x200: [mem 0x00000000-0x000fffff 64bit]
[    0.397651] pci 0000:01:00.0: VF(n) BAR2 space: [mem 0x00000000-0x002fffff 64bit] (contains BAR2 for 3 VFs)
[    0.397659] pci 0000:01:00.0: reg 0x208: [mem 0x00000000-0x000fffff 64bit]
[    0.397661] pci 0000:01:00.0: VF(n) BAR4 space: [mem 0x00000000-0x002fffff 64bit] (contains BAR4 for 3 VFs)
[    0.397851] pci 0000:00:01.2: PCI bridge to [bus 01]
[    0.397856] pci 0000:00:01.2:   bridge window [mem 0xdcb00000-0xdcbfffff]
[    0.398231] pci 0000:02:00.0: [8086:2725] type 00 class 0x028000
[    0.398284] pci 0000:02:00.0: reg 0x10: [mem 0xdca00000-0xdca03fff 64bit]
[    0.398461] pci 0000:02:00.0: PME# supported from D0 D3hot D3cold
[    0.399397] pci 0000:00:02.2: PCI bridge to [bus 02]
[    0.399403] pci 0000:00:02.2:   bridge window [mem 0xdca00000-0xdcafffff]
[    0.399471] pci 0000:03:00.0: [10ec:525a] type 00 class 0xff0000
[    0.399497] pci 0000:03:00.0: reg 0x14: [mem 0xdc900000-0xdc900fff]
[    0.399611] pci 0000:03:00.0: supports D1 D2
[    0.399612] pci 0000:03:00.0: PME# supported from D1 D2 D3hot D3cold
[    0.399806] pci 0000:00:02.3: PCI bridge to [bus 03]
[    0.399811] pci 0000:00:02.3:   bridge window [mem 0xdc900000-0xdc9fffff]
[    0.400861] pci 0000:00:03.1: PCI bridge to [bus 04-63]
[    0.400867] pci 0000:00:03.1:   bridge window [io  0xb000-0xefff]
[    0.400870] pci 0000:00:03.1:   bridge window [mem 0xc4000000-0xdbffffff]
[    0.400876] pci 0000:00:03.1:   bridge window [mem 0x6c00000000-0x7bffffffff 64bit pref]
[    0.400962] pci 0000:00:04.1: PCI bridge to [bus 64-c3]
[    0.400967] pci 0000:00:04.1:   bridge window [io  0x7000-0xafff]
[    0.400971] pci 0000:00:04.1:   bridge window [mem 0xac000000-0xc3ffffff]
[    0.400976] pci 0000:00:04.1:   bridge window [mem 0x5c00000000-0x6bffffffff 64bit pref]
[    0.401095] pci 0000:c4:00.0: [1002:15bf] type 00 class 0x030000
[    0.401110] pci 0000:c4:00.0: reg 0x10: [mem 0x7c00000000-0x7c0fffffff 64bit pref]
[    0.401119] pci 0000:c4:00.0: reg 0x18: [mem 0xdc000000-0xdc1fffff 64bit pref]
[    0.401126] pci 0000:c4:00.0: reg 0x20: [io  0xf000-0xf0ff]
[    0.401133] pci 0000:c4:00.0: reg 0x24: [mem 0xdc500000-0xdc57ffff]
[    0.401144] pci 0000:c4:00.0: enabling Extended Tags
[    0.401158] pci 0000:c4:00.0: BAR 0: assigned to efifb
[    0.401207] pci 0000:c4:00.0: PME# supported from D1 D2 D3hot D3cold
[    0.401365] pci 0000:c4:00.1: [1002:1640] type 00 class 0x040300
[    0.401374] pci 0000:c4:00.1: reg 0x10: [mem 0xdc5c8000-0xdc5cbfff]
[    0.401401] pci 0000:c4:00.1: enabling Extended Tags
[    0.401441] pci 0000:c4:00.1: PME# supported from D1 D2 D3hot D3cold
[    0.401546] pci 0000:c4:00.2: [1022:15c7] type 00 class 0x108000
[    0.401563] pci 0000:c4:00.2: reg 0x18: [mem 0xdc400000-0xdc4fffff]
[    0.401575] pci 0000:c4:00.2: reg 0x24: [mem 0xdc5cc000-0xdc5cdfff]
[    0.401584] pci 0000:c4:00.2: enabling Extended Tags
[    0.401727] pci 0000:c4:00.3: [1022:15b9] type 00 class 0x0c0330
[    0.401741] pci 0000:c4:00.3: reg 0x10: [mem 0xdc300000-0xdc3fffff 64bit]
[    0.401771] pci 0000:c4:00.3: enabling Extended Tags
[    0.401813] pci 0000:c4:00.3: PME# supported from D0 D3hot D3cold
[    0.401930] pci 0000:c4:00.4: [1022:15ba] type 00 class 0x0c0330
[    0.401944] pci 0000:c4:00.4: reg 0x10: [mem 0xdc200000-0xdc2fffff 64bit]
[    0.401974] pci 0000:c4:00.4: enabling Extended Tags
[    0.402016] pci 0000:c4:00.4: PME# supported from D0 D3hot D3cold
[    0.402131] pci 0000:c4:00.5: [1022:15e2] type 00 class 0x048000
[    0.402140] pci 0000:c4:00.5: reg 0x10: [mem 0xdc580000-0xdc5bffff]
[    0.402152] pci 0000:c4:00.5: reg 0x18: [mem 0x7c10000000-0x7c107fffff 64bit pref]
[    0.402168] pci 0000:c4:00.5: enabling Extended Tags
[    0.402208] pci 0000:c4:00.5: PME# supported from D0 D3hot D3cold
[    0.402317] pci 0000:c4:00.6: [1022:15e3] type 00 class 0x040300
[    0.402326] pci 0000:c4:00.6: reg 0x10: [mem 0xdc5c0000-0xdc5c7fff]
[    0.402353] pci 0000:c4:00.6: enabling Extended Tags
[    0.402392] pci 0000:c4:00.6: PME# supported from D0 D3hot D3cold
[    0.402524] pci 0000:00:08.1: PCI bridge to [bus c4]
[    0.402528] pci 0000:00:08.1:   bridge window [io  0xf000-0xffff]
[    0.402530] pci 0000:00:08.1:   bridge window [mem 0xdc000000-0xdc5fffff]
[    0.402534] pci 0000:00:08.1:   bridge window [mem 0x7c00000000-0x7c107fffff 64bit pref]
[    0.402578] pci 0000:c5:00.0: [1022:14ec] type 00 class 0x130000
[    0.402612] pci 0000:c5:00.0: enabling Extended Tags
[    0.402662] pci 0000:c5:00.0: PME# supported from D3hot D3cold
[    0.402760] pci 0000:00:08.2: PCI bridge to [bus c5]
[    0.402865] pci 0000:c6:00.0: [1022:14ec] type 00 class 0x130000
[    0.402899] pci 0000:c6:00.0: enabling Extended Tags
[    0.403076] pci 0000:c6:00.3: [1022:15c0] type 00 class 0x0c0330
[    0.403089] pci 0000:c6:00.3: reg 0x10: [mem 0xdc700000-0xdc7fffff 64bit]
[    0.403120] pci 0000:c6:00.3: enabling Extended Tags
[    0.403162] pci 0000:c6:00.3: PME# supported from D0 D3hot D3cold
[    0.403270] pci 0000:c6:00.4: [1022:15c1] type 00 class 0x0c0330
[    0.403284] pci 0000:c6:00.4: reg 0x10: [mem 0xdc600000-0xdc6fffff 64bit]
[    0.403314] pci 0000:c6:00.4: enabling Extended Tags
[    0.403356] pci 0000:c6:00.4: PME# supported from D0 D3hot D3cold
[    0.403464] pci 0000:c6:00.5: [1022:1668] type 00 class 0x0c0340
[    0.403481] pci 0000:c6:00.5: reg 0x10: [mem 0xdc880000-0xdc8fffff 64bit]
[    0.403516] pci 0000:c6:00.5: enabling Extended Tags
[    0.403559] pci 0000:c6:00.5: PME# supported from D0 D3hot D3cold
[    0.403667] pci 0000:c6:00.6: [1022:1669] type 00 class 0x0c0340
[    0.403684] pci 0000:c6:00.6: reg 0x10: [mem 0xdc800000-0xdc87ffff 64bit]
[    0.403719] pci 0000:c6:00.6: enabling Extended Tags
[    0.403761] pci 0000:c6:00.6: PME# supported from D0 D3hot D3cold
[    0.403884] pci 0000:00:08.3: PCI bridge to [bus c6]
[    0.403889] pci 0000:00:08.3:   bridge window [mem 0xdc600000-0xdc8fffff]
[    0.431504] ACPI: PCI: Interrupt link LNKA configured for IRQ 0
[    0.431688] ACPI: PCI: Interrupt link LNKB configured for IRQ 0
[    0.431853] ACPI: PCI: Interrupt link LNKC configured for IRQ 0
[    0.431987] ACPI: PCI: Interrupt link LNKD configured for IRQ 0
[    0.432063] ACPI: PCI: Interrupt link LNKE configured for IRQ 0
[    0.432126] ACPI: PCI: Interrupt link LNKF configured for IRQ 0
[    0.432190] ACPI: PCI: Interrupt link LNKG configured for IRQ 0
[    0.432253] ACPI: PCI: Interrupt link LNKH configured for IRQ 0
[    0.434900] ACPI: EC: interrupt unblocked
[    0.434902] ACPI: EC: event unblocked
[    0.434910] ACPI: EC: EC_CMD/EC_SC=0x66, EC_DATA=0x62
[    0.434911] ACPI: EC: GPE=0xb
[    0.434913] ACPI: \_SB_.PCI0.SBRG.EC0_: Boot DSDT EC initialization complete
[    0.434915] ACPI: \_SB_.PCI0.SBRG.EC0_: EC: Used to handle transactions and events
[    0.434975] iommu: Default domain type: Translated
[    0.434975] iommu: DMA domain TLB invalidation policy: lazy mode
[    0.434975] SCSI subsystem initialized
[    0.434975] libata version 3.00 loaded.
[    0.434975] ACPI: bus type USB registered
[    0.434975] usbcore: registered new interface driver usbfs
[    0.434975] usbcore: registered new interface driver hub
[    0.434975] usbcore: registered new device driver usb
[    0.526919] pps_core: LinuxPPS API ver. 1 registered
[    0.526921] pps_core: Software ver. 5.3.6 - Copyright 2005-2007 Rodolfo Giometti <giometti@linux.it>
[    0.526925] PTP clock support registered
[    0.526934] EDAC MC: Ver: 3.0.0
[    0.527773] efivars: Registered efivars operations
[    0.527773] NetLabel: Initializing
[    0.527773] NetLabel:  domain hash size = 128
[    0.527773] NetLabel:  protocols = UNLABELED CIPSOv4 CALIPSO
[    0.527773] NetLabel:  unlabeled traffic allowed by default
[    0.527773] mctp: management component transport protocol core
[    0.527773] NET: Registered PF_MCTP protocol family
[    0.527773] PCI: Using ACPI for IRQ routing
[    0.538355] PCI: pci_cache_line_size set to 64 bytes
[    0.538900] e820: reserve RAM buffer [mem 0x09a7f000-0x0bffffff]
[    0.538902] e820: reserve RAM buffer [mem 0x0a200000-0x0bffffff]
[    0.538903] e820: reserve RAM buffer [mem 0x89e6b018-0x8bffffff]
[    0.538905] e820: reserve RAM buffer [mem 0x8e767000-0x8fffffff]
[    0.538906] e820: reserve RAM buffer [mem 0x8fa90000-0x8fffffff]
[    0.538907] e820: reserve RAM buffer [mem 0x9bff9000-0x9bffffff]
[    0.538908] e820: reserve RAM buffer [mem 0x9bfff000-0x9bffffff]
[    0.538909] e820: reserve RAM buffer [mem 0x6de300000-0x6dfffffff]
[    0.538954] pci 0000:c4:00.0: vgaarb: setting as boot VGA device
[    0.538954] pci 0000:c4:00.0: vgaarb: bridge control possible
[    0.538954] pci 0000:c4:00.0: vgaarb: VGA device added: decodes=io+mem,owns=none,locks=none
[    0.538954] vgaarb: loaded
[    0.540821] clocksource: Switched to clocksource tsc-early
[    0.540839] VFS: Disk quotas dquot_6.6.0
[    0.540839] VFS: Dquot-cache hash table entries: 512 (order 0, 4096 bytes)
[    0.540839] pnp: PnP ACPI init
[    0.540839] system 00:00: [mem 0xe0000000-0xefffffff] has been reserved
[    0.547813] system 00:03: [io  0x04d0-0x04d1] has been reserved
[    0.547816] system 00:03: [io  0x040b] has been reserved
[    0.547818] system 00:03: [io  0x04d6] has been reserved
[    0.547820] system 00:03: [io  0x0c00-0x0c01] has been reserved
[    0.547821] system 00:03: [io  0x0c14] has been reserved
[    0.547823] system 00:03: [io  0x0c50-0x0c51] has been reserved
[    0.547824] system 00:03: [io  0x0c52] has been reserved
[    0.547826] system 00:03: [io  0x0c6c] has been reserved
[    0.547827] system 00:03: [io  0x0c6f] has been reserved
[    0.547829] system 00:03: [io  0x0cd0-0x0cd1] has been reserved
[    0.547830] system 00:03: [io  0x0cd2-0x0cd3] has been reserved
[    0.547832] system 00:03: [io  0x0cd4-0x0cd5] has been reserved
[    0.547833] system 00:03: [io  0x0cd6-0x0cd7] has been reserved
[    0.547835] system 00:03: [io  0x0cd8-0x0cdf] has been reserved
[    0.547836] system 00:03: [io  0x0800-0x089f] has been reserved
[    0.547838] system 00:03: [io  0x0b00-0x0b0f] has been reserved
[    0.547839] system 00:03: [io  0x0b20-0x0b3f] has been reserved
[    0.547841] system 00:03: [io  0x0900-0x090f] has been reserved
[    0.547842] system 00:03: [io  0x0910-0x091f] has been reserved
[    0.547844] system 00:03: [mem 0xfec00000-0xfec00fff] could not be reserved
[    0.547846] system 00:03: [mem 0xfec01000-0xfec01fff] could not be reserved
[    0.547848] system 00:03: [mem 0xfedc0000-0xfedc0fff] has been reserved
[    0.547851] system 00:03: [mem 0xfee00000-0xfee00fff] has been reserved
[    0.547852] system 00:03: [mem 0xfed80000-0xfed8ffff] could not be reserved
[    0.547854] system 00:03: [mem 0xfec10000-0xfec10fff] has been reserved
[    0.547856] system 00:03: [mem 0xff000000-0xffffffff] has been reserved
[    0.568537] pnp: PnP ACPI: found 6 devices
[    0.574713] clocksource: acpi_pm: mask: 0xffffff max_cycles: 0xffffff, max_idle_ns: 2085701024 ns
[    0.574854] NET: Registered PF_INET protocol family
[    0.574982] IP idents hash table entries: 262144 (order: 9, 2097152 bytes, linear)
[    0.577432] tcp_listen_portaddr_hash hash table entries: 16384 (order: 6, 262144 bytes, linear)
[    0.577458] Table-perturb hash table entries: 65536 (order: 6, 262144 bytes, linear)
[    0.577522] TCP established hash table entries: 262144 (order: 9, 2097152 bytes, linear)
[    0.577730] TCP bind hash table entries: 65536 (order: 9, 2097152 bytes, linear)
[    0.577819] TCP: Hash tables configured (established 262144 bind 65536)
[    0.577919] MPTCP token hash table entries: 32768 (order: 7, 786432 bytes, linear)
[    0.577974] UDP hash table entries: 16384 (order: 7, 524288 bytes, linear)
[    0.578025] UDP-Lite hash table entries: 16384 (order: 7, 524288 bytes, linear)
[    0.578097] NET: Registered PF_UNIX/PF_LOCAL protocol family
[    0.578104] NET: Registered PF_XDP protocol family
[    0.578116] pci 0000:01:00.0: BAR 9: no space for [mem size 0x00300000 64bit]
[    0.578119] pci 0000:01:00.0: BAR 9: failed to assign [mem size 0x00300000 64bit]
[    0.578121] pci 0000:01:00.0: BAR 11: no space for [mem size 0x00300000 64bit]
[    0.578123] pci 0000:01:00.0: BAR 11: failed to assign [mem size 0x00300000 64bit]
[    0.578126] pci 0000:01:00.0: BAR 7: assigned [mem 0xdcb04000-0xdcb0ffff 64bit]
[    0.578134] pci 0000:00:01.2: PCI bridge to [bus 01]
[    0.578138] pci 0000:00:01.2:   bridge window [mem 0xdcb00000-0xdcbfffff]
[    0.578143] pci 0000:00:02.2: PCI bridge to [bus 02]
[    0.578146] pci 0000:00:02.2:   bridge window [mem 0xdca00000-0xdcafffff]
[    0.578152] pci 0000:00:02.3: PCI bridge to [bus 03]
[    0.578155] pci 0000:00:02.3:   bridge window [mem 0xdc900000-0xdc9fffff]
[    0.578161] pci 0000:00:03.1: PCI bridge to [bus 04-63]
[    0.578163] pci 0000:00:03.1:   bridge window [io  0xb000-0xefff]
[    0.578172] pci 0000:00:03.1:   bridge window [mem 0xc4000000-0xdbffffff]
[    0.578185] pci 0000:00:03.1:   bridge window [mem 0x6c00000000-0x7bffffffff 64bit pref]
[    0.578200] pci 0000:00:04.1: PCI bridge to [bus 64-c3]
[    0.578202] pci 0000:00:04.1:   bridge window [io  0x7000-0xafff]
[    0.578212] pci 0000:00:04.1:   bridge window [mem 0xac000000-0xc3ffffff]
[    0.578224] pci 0000:00:04.1:   bridge window [mem 0x5c00000000-0x6bffffffff 64bit pref]
[    0.578240] pci 0000:00:08.1: PCI bridge to [bus c4]
[    0.578242] pci 0000:00:08.1:   bridge window [io  0xf000-0xffff]
[    0.578247] pci 0000:00:08.1:   bridge window [mem 0xdc000000-0xdc5fffff]
[    0.578250] pci 0000:00:08.1:   bridge window [mem 0x7c00000000-0x7c107fffff 64bit pref]
[    0.578253] pci 0000:00:08.2: PCI bridge to [bus c5]
[    0.578260] pci 0000:00:08.3: PCI bridge to [bus c6]
[    0.578263] pci 0000:00:08.3:   bridge window [mem 0xdc600000-0xdc8fffff]
[    0.578268] pci_bus 0000:00: Some PCI device resources are unassigned, try booting with pci=realloc
[    0.578269] pci_bus 0000:00: resource 4 [io  0x0000-0x03af window]
[    0.578271] pci_bus 0000:00: resource 5 [io  0x03e0-0x0cf7 window]
[    0.578273] pci_bus 0000:00: resource 6 [io  0x03b0-0x03df window]
[    0.578274] pci_bus 0000:00: resource 7 [io  0x0d00-0xffff window]
[    0.578275] pci_bus 0000:00: resource 8 [mem 0x000a0000-0x000dffff window]
[    0.578277] pci_bus 0000:00: resource 9 [mem 0xfa000000-0xfcffffff window]
[    0.578278] pci_bus 0000:00: resource 10 [mem 0xf0000000-0xf9ffffff window]
[    0.578280] pci_bus 0000:00: resource 11 [mem 0xa0000000-0xdfffffff window]
[    0.578281] pci_bus 0000:00: resource 12 [mem 0x860000000-0x7fffffffff window]
[    0.578283] pci_bus 0000:01: resource 1 [mem 0xdcb00000-0xdcbfffff]
[    0.578284] pci_bus 0000:02: resource 1 [mem 0xdca00000-0xdcafffff]
[    0.578286] pci_bus 0000:03: resource 1 [mem 0xdc900000-0xdc9fffff]
[    0.578287] pci_bus 0000:04: resource 0 [io  0xb000-0xefff]
[    0.578289] pci_bus 0000:04: resource 1 [mem 0xc4000000-0xdbffffff]
[    0.578290] pci_bus 0000:04: resource 2 [mem 0x6c00000000-0x7bffffffff 64bit pref]
[    0.578292] pci_bus 0000:64: resource 0 [io  0x7000-0xafff]
[    0.578293] pci_bus 0000:64: resource 1 [mem 0xac000000-0xc3ffffff]
[    0.578294] pci_bus 0000:64: resource 2 [mem 0x5c00000000-0x6bffffffff 64bit pref]
[    0.578296] pci_bus 0000:c4: resource 0 [io  0xf000-0xffff]
[    0.578297] pci_bus 0000:c4: resource 1 [mem 0xdc000000-0xdc5fffff]
[    0.578298] pci_bus 0000:c4: resource 2 [mem 0x7c00000000-0x7c107fffff 64bit pref]
[    0.578300] pci_bus 0000:c6: resource 1 [mem 0xdc600000-0xdc8fffff]
[    0.578696] pci 0000:c4:00.1: D0 power state depends on 0000:c4:00.0
[    0.578744] pci 0000:00:08.1: can't derive routing for PCI INT A
[    0.578746] pci 0000:00:08.1: PCI INT A: not connected
[    0.579003] pci 0000:00:08.3: can't derive routing for PCI INT A
[    0.579005] pci 0000:00:08.3: PCI INT A: not connected
[    0.579267] PCI: CLS 64 bytes, default 64
[    0.579279] pci 0000:00:00.2: AMD-Vi: IOMMU performance counters supported
[    0.579328] pci 0000:00:01.0: Adding to iommu group 0
[    0.579345] pci 0000:00:01.2: Adding to iommu group 1
[    0.579369] pci 0000:00:02.0: Adding to iommu group 2
[    0.579375] Trying to unpack rootfs image as initramfs...
[    0.579385] pci 0000:00:02.2: Adding to iommu group 3
[    0.579402] pci 0000:00:02.3: Adding to iommu group 4
[    0.579432] pci 0000:00:03.0: Adding to iommu group 5
[    0.579446] pci 0000:00:03.1: Adding to iommu group 5
[    0.579476] pci 0000:00:04.0: Adding to iommu group 6
[    0.579490] pci 0000:00:04.1: Adding to iommu group 6
[    0.579520] pci 0000:00:08.0: Adding to iommu group 7
[    0.579536] pci 0000:00:08.1: Adding to iommu group 8
[    0.579552] pci 0000:00:08.2: Adding to iommu group 9
[    0.579567] pci 0000:00:08.3: Adding to iommu group 10
[    0.579598] pci 0000:00:14.0: Adding to iommu group 11
[    0.579613] pci 0000:00:14.3: Adding to iommu group 11
[    0.579689] pci 0000:00:18.0: Adding to iommu group 12
[    0.579705] pci 0000:00:18.1: Adding to iommu group 12
[    0.579721] pci 0000:00:18.2: Adding to iommu group 12
[    0.579736] pci 0000:00:18.3: Adding to iommu group 12
[    0.579753] pci 0000:00:18.4: Adding to iommu group 12
[    0.579771] pci 0000:00:18.5: Adding to iommu group 12
[    0.579786] pci 0000:00:18.6: Adding to iommu group 12
[    0.579802] pci 0000:00:18.7: Adding to iommu group 12
[    0.579823] pci 0000:01:00.0: Adding to iommu group 13
[    0.579839] pci 0000:02:00.0: Adding to iommu group 14
[    0.579857] pci 0000:03:00.0: Adding to iommu group 15
[    0.579891] pci 0000:c4:00.0: Adding to iommu group 16
[    0.579908] pci 0000:c4:00.1: Adding to iommu group 17
[    0.579924] pci 0000:c4:00.2: Adding to iommu group 18
[    0.579944] pci 0000:c4:00.3: Adding to iommu group 19
[    0.579961] pci 0000:c4:00.4: Adding to iommu group 20
[    0.579978] pci 0000:c4:00.5: Adding to iommu group 21
[    0.579994] pci 0000:c4:00.6: Adding to iommu group 22
[    0.580010] pci 0000:c5:00.0: Adding to iommu group 23
[    0.580032] pci 0000:c6:00.0: Adding to iommu group 24
[    0.580049] pci 0000:c6:00.3: Adding to iommu group 25
[    0.580065] pci 0000:c6:00.4: Adding to iommu group 26
[    0.580083] pci 0000:c6:00.5: Adding to iommu group 27
[    0.580100] pci 0000:c6:00.6: Adding to iommu group 28
[    0.582687] pci 0000:00:00.2: can't derive routing for PCI INT A
[    0.582692] pci 0000:00:00.2: PCI INT A: not connected
[    0.582797] pci 0000:00:00.2: AMD-Vi: Found IOMMU cap 0x40
[    0.582799] AMD-Vi: Extended features (0x246577efa2254afa, 0x0): PPR NX GT [5] IA GA PC GA_vAPIC
[    0.582808] AMD-Vi: Interrupt remapping enabled
[    0.582990] AMD-Vi: Virtual APIC enabled
[    0.583034] PCI-DMA: Using software bounce buffering for IO (SWIOTLB)
[    0.583045] software IO TLB: mapped [mem 0x0000000085e6b000-0x0000000089e6b000] (64MB)
[    0.583094] LVT offset 0 assigned for vector 0x400
[    0.588024] perf: AMD IBS detected (0x00000bff)
[    0.588031] perf/amd_iommu: Detected AMD IOMMU #0 (2 banks, 4 counters/bank).
[    0.590790] Initialise system trusted keyrings
[    0.590799] Key type blacklist registered
[    0.590843] workingset: timestamp_bits=41 max_order=23 bucket_order=0
[    0.590854] zbud: loaded
[    0.591004] integrity: Platform Keyring initialized
[    0.591007] integrity: Machine keyring initialized
[    0.598759] Key type asymmetric registered
[    0.598760] Asymmetric key parser 'x509' registered
[    0.598775] Block layer SCSI generic (bsg) driver version 0.4 loaded (major 242)
[    0.598826] io scheduler mq-deadline registered
[    0.598827] io scheduler kyber registered
[    0.598835] io scheduler bfq registered
[    0.600898] pcieport 0000:00:01.2: PME: Signaling with IRQ 34
[    0.601058] pcieport 0000:00:02.2: PME: Signaling with IRQ 35
[    0.601182] pcieport 0000:00:02.3: PME: Signaling with IRQ 36
[    0.601381] pcieport 0000:00:03.1: PME: Signaling with IRQ 37
[    0.601514] pcieport 0000:00:03.1: AER: enabled with IRQ 37
[    0.601539] pcieport 0000:00:03.1: pciehp: Slot #0 AttnBtn- PwrCtrl- MRL- AttnInd- PwrInd- HotPlug+ Surprise+ Interlock- NoCompl+ IbPresDis- LLActRep+
[    0.602144] pcieport 0000:00:04.1: PME: Signaling with IRQ 38
[    0.602271] pcieport 0000:00:04.1: AER: enabled with IRQ 38
[    0.602295] pcieport 0000:00:04.1: pciehp: Slot #0 AttnBtn- PwrCtrl- MRL- AttnInd- PwrInd- HotPlug+ Surprise+ Interlock- NoCompl+ IbPresDis- LLActRep+
[    0.602788] pcieport 0000:00:08.1: PME: Signaling with IRQ 39
[    0.602890] pcieport 0000:00:08.2: can't derive routing for PCI INT A
[    0.602892] pcieport 0000:00:08.2: PCI INT A: not connected
[    0.602963] pcieport 0000:00:08.2: PME: Signaling with IRQ 40
[    0.603069] pcieport 0000:00:08.3: PME: Signaling with IRQ 41
[    0.603180] shpchp: Standard Hot Plug PCI Controller Driver version: 0.4
[    0.604918] ACPI: AC: AC Adapter [ACAD] (on-line)
[    0.604978] input: Power Button as /devices/LNXSYSTM:00/LNXSYBUS:00/PNP0C0C:00/input/input0
[    0.604998] ACPI: button: Power Button [PWRB]
[    0.605036] input: Power Button as /devices/LNXSYSTM:00/LNXPWRBN:00/input/input1
[    0.605095] ACPI: button: Power Button [PWRF]
[    0.605181] Estimated ratio of average max frequency by base frequency (times 1024): 1548
[    0.605200] Monitor-Mwait will be used to enter C-1 state
[    0.605209] ACPI: \_SB_.PLTF.C000: Found 3 idle states
[    0.605393] ACPI: \_SB_.PLTF.C002: Found 3 idle states
[    0.605555] ACPI: \_SB_.PLTF.C004: Found 3 idle states
[    0.605720] ACPI: \_SB_.PLTF.C006: Found 3 idle states
[    0.605885] ACPI: \_SB_.PLTF.C008: Found 3 idle states
[    0.606004] ACPI: \_SB_.PLTF.C00A: Found 3 idle states
[    0.606121] ACPI: \_SB_.PLTF.C00C: Found 3 idle states
[    0.606238] ACPI: \_SB_.PLTF.C00E: Found 3 idle states
[    0.606364] ACPI: \_SB_.PLTF.C001: Found 3 idle states
[    0.606511] ACPI: \_SB_.PLTF.C003: Found 3 idle states
[    0.606717] ACPI: \_SB_.PLTF.C005: Found 3 idle states
[    0.606879] ACPI: \_SB_.PLTF.C007: Found 3 idle states
[    0.607045] ACPI: \_SB_.PLTF.C009: Found 3 idle states
[    0.607246] ACPI: \_SB_.PLTF.C00B: Found 3 idle states
[    0.607481] ACPI: \_SB_.PLTF.C00D: Found 3 idle states
[    0.607676] ACPI: \_SB_.PLTF.C00F: Found 3 idle states
[    0.608251] thermal LNXTHERM:00: registered as thermal_zone0
[    0.608253] ACPI: thermal: Thermal Zone [TZ01] (0 C)
[    0.608428] Serial: 8250/16550 driver, 32 ports, IRQ sharing enabled
[    0.608552] 00:04: ttyS2 at I/O 0x3e8 (irq = 5, base_baud = 115200) is a 16450
[    0.609135] ACPI: battery: Slot [BAT0] (battery present)
[    0.611126] 00:05: ttyS0 at I/O 0x3f8 (irq = 15, base_baud = 115200) is a 16450
[    0.615034] hpet_acpi_add: no address or irqs in _CRS
[    0.615058] Non-volatile memory driver v1.3
[    0.615060] Linux agpgart interface v0.103
[    0.656873] tpm_crb MSFT0101:00: Disabling hwrng
[    0.657677] AMD-Vi: AMD IOMMUv2 loaded and initialized
[    0.657773] ACPI: bus type drm_connector registered
[    0.658186] [drm] Initialized simpledrm 1.0.0 20200625 for simple-framebuffer.0 on minor 0
[    0.659165] Console: switching to colour frame buffer device 100x37
[    0.659574] simple-framebuffer simple-framebuffer.0: [drm] fb0: simpledrmdrmfb frame buffer device
[    0.662743] usbcore: registered new interface driver usbserial_generic
[    0.662749] usbserial: USB Serial support registered for generic
[    0.662856] rtc_cmos 00:01: RTC can wake from S4
[    0.663147] rtc_cmos 00:01: registered as rtc0
[    0.663179] rtc_cmos 00:01: setting system clock to 2024-02-04T11:06:07 UTC (1707044767)
[    0.663207] rtc_cmos 00:01: alarms up to one month, y3k, 114 bytes nvram
[    0.665019] ledtrig-cpu: registered to indicate activity on CPUs
[    0.665222] hid: raw HID events driver (C) Jiri Kosina
[    0.665331] drop_monitor: Initializing network drop monitor service
[    0.676605] Initializing XFRM netlink socket
[    0.676644] NET: Registered PF_INET6 protocol family
[    1.617106] tsc: Refined TSC clocksource calibration: 3293.812 MHz
[    1.617127] clocksource: tsc: mask: 0xffffffffffffffff max_cycles: 0x2f7a76a4ebd, max_idle_ns: 440795230158 ns
[    1.617452] clocksource: Switched to clocksource tsc
[    4.760475] Freeing initrd memory: 83656K
[    4.769016] Segment Routing with IPv6
[    4.769021] RPL Segment Routing with IPv6
[    4.769049] In-situ OAM (IOAM) with IPv6
[    4.769116] NET: Registered PF_PACKET protocol family
[    4.772395] microcode: CPU7: patch_level=0x0a704103
[    4.772396] microcode: CPU15: patch_level=0x0a704103
[    4.772413] microcode: CPU11: patch_level=0x0a704103
[    4.772413] microcode: CPU3: patch_level=0x0a704103
[    4.772417] microcode: CPU6: patch_level=0x0a704103
[    4.772417] microcode: CPU14: patch_level=0x0a704103
[    4.772425] microcode: CPU0: patch_level=0x0a704103
[    4.772424] microcode: CPU8: patch_level=0x0a704103
[    4.772427] microcode: CPU1: patch_level=0x0a704103
[    4.772426] microcode: CPU9: patch_level=0x0a704103
[    4.772428] microcode: CPU10: patch_level=0x0a704103
[    4.772428] microcode: CPU2: patch_level=0x0a704103
[    4.772430] microcode: CPU12: patch_level=0x0a704103
[    4.772430] microcode: CPU4: patch_level=0x0a704103
[    4.772434] microcode: CPU13: patch_level=0x0a704103
[    4.772434] microcode: CPU5: patch_level=0x0a704103
[    4.772474] microcode: Microcode Update Driver: v2.2.
[    4.773225] resctrl: L3 allocation detected
[    4.773229] resctrl: MB allocation detected
[    4.773231] resctrl: SMBA allocation detected
[    4.773233] resctrl: L3 monitoring detected
[    4.773239] IPI shorthand broadcast: enabled
[    4.775815] sched_clock: Marking stable (4776668956, -2952052)->(4774073185, -356281)
[    4.776390] registered taskstats version 1
[    4.778077] Loading compiled-in X.509 certificates
[    4.780584] Loaded X.509 cert 'Build time autogenerated kernel key: 2d48fce981848eb10cd8cfa8518d77c1e2f69c83'
[    4.782837] zswap: loaded using pool zstd/zsmalloc
[    4.785332] Key type .fscrypt registered
[    4.785334] Key type fscrypt-provisioning registered
[    4.785983] PM:   Magic number: 12:504:124
[    4.797136] RAS: Correctable Errors collector initialized.
[    4.799490] clk: Disabling unused clocks
[    4.800366] Freeing unused decrypted memory: 2028K
[    4.800725] Freeing unused kernel image (initmem) memory: 3412K
[    4.864232] Write protecting the kernel read-only data: 30720k
[    4.865300] Freeing unused kernel image (rodata/data gap) memory: 1264K
[    4.908725] x86/mm: Checked W+X mappings: passed, no W+X pages found.
[    4.908734] rodata_test: all tests were successful
[    4.908765] Run /init as init process
[    4.908767]   with arguments:
[    4.908769]     /init
[    4.908770]   with environment:
[    4.908772]     HOME=/
[    4.908773]     TERM=linux
[    4.908774]     BOOT_IMAGE=/arch/boot/x86_64/vmlinuz-linux
[    4.908775]     archisobasedir=arch
[    4.908777]     archisodevice=UUID=2024-01-01-16-44-54-00
[    5.073610] ACPI: video: Video Device [VGA] (multi-head: yes  rom: no  post: no)
[    5.074081] input: Video Bus as /devices/LNXSYSTM:00/LNXSYBUS:00/PNP0A08:00/device:22/LNXVIDEO:00/input/input2
[    5.075351] xhci_hcd 0000:c4:00.3: xHCI Host Controller
[    5.075362] xhci_hcd 0000:c4:00.3: new USB bus registered, assigned bus number 1
[    5.075832] xhci_hcd 0000:c4:00.3: hcc params 0x0128ffc5 hci version 0x120 quirks 0x0000000200000410
[    5.076183] xhci_hcd 0000:c4:00.3: xHCI Host Controller
[    5.076188] xhci_hcd 0000:c4:00.3: new USB bus registered, assigned bus number 2
[    5.076191] xhci_hcd 0000:c4:00.3: Host supports USB 3.1 Enhanced SuperSpeed
[    5.076200] i8042: PNP: PS/2 Controller [PNP0303:PS2K] at 0x60,0x64 irq 1
[    5.076204] i8042: PNP: PS/2 appears to have AUX port disabled, if this is incorrect please boot with i8042.nopnp
[    5.076257] usb usb1: New USB device found, idVendor=1d6b, idProduct=0002, bcdDevice= 6.06
[    5.076260] usb usb1: New USB device strings: Mfr=3, Product=2, SerialNumber=1
[    5.076263] usb usb1: Product: xHCI Host Controller
[    5.076265] usb usb1: Manufacturer: Linux 6.6.8-arch1-1 xhci-hcd
[    5.076267] usb usb1: SerialNumber: 0000:c4:00.3
[    5.076439] hub 1-0:1.0: USB hub found
[    5.076460] hub 1-0:1.0: 5 ports detected
[    5.076820] serio: i8042 KBD port at 0x60,0x64 irq 1
[    5.079226] cryptd: max_cpu_qlen set to 1000
[    5.082898] usb usb2: We don't know the algorithms for LPM for this host, disabling LPM.
[    5.082929] usb usb2: New USB device found, idVendor=1d6b, idProduct=0003, bcdDevice= 6.06
[    5.082932] usb usb2: New USB device strings: Mfr=3, Product=2, SerialNumber=1
[    5.082935] usb usb2: Product: xHCI Host Controller
[    5.082937] usb usb2: Manufacturer: Linux 6.6.8-arch1-1 xhci-hcd
[    5.082939] usb usb2: SerialNumber: 0000:c4:00.3
[    5.083049] hub 2-0:1.0: USB hub found
[    5.083071] hub 2-0:1.0: 2 ports detected
[    5.083758] ACPI: bus type thunderbolt registered
[    5.086640] xhci_hcd 0000:c4:00.4: xHCI Host Controller
[    5.086647] xhci_hcd 0000:c4:00.4: new USB bus registered, assigned bus number 3
[    5.087123] xhci_hcd 0000:c4:00.4: hcc params 0x0110ffc5 hci version 0x120 quirks 0x0000000200000410
[    5.087473] xhci_hcd 0000:c4:00.4: xHCI Host Controller
[    5.087477] xhci_hcd 0000:c4:00.4: new USB bus registered, assigned bus number 4
[    5.087480] xhci_hcd 0000:c4:00.4: Host supports USB 3.1 Enhanced SuperSpeed
[    5.087537] usb usb3: New USB device found, idVendor=1d6b, idProduct=0002, bcdDevice= 6.06
[    5.087539] usb usb3: New USB device strings: Mfr=3, Product=2, SerialNumber=1
[    5.087542] usb usb3: Product: xHCI Host Controller
[    5.087543] usb usb3: Manufacturer: Linux 6.6.8-arch1-1 xhci-hcd
[    5.087544] usb usb3: SerialNumber: 0000:c4:00.4
[    5.087668] hub 3-0:1.0: USB hub found
[    5.087701] hub 3-0:1.0: 1 port detected
[    5.088814] usb usb4: We don't know the algorithms for LPM for this host, disabling LPM.
[    5.088839] usb usb4: New USB device found, idVendor=1d6b, idProduct=0003, bcdDevice= 6.06
[    5.088842] usb usb4: New USB device strings: Mfr=3, Product=2, SerialNumber=1
[    5.088844] usb usb4: Product: xHCI Host Controller
[    5.088845] usb usb4: Manufacturer: Linux 6.6.8-arch1-1 xhci-hcd
[    5.088847] usb usb4: SerialNumber: 0000:c4:00.4
[    5.088955] hub 4-0:1.0: USB hub found
[    5.088983] hub 4-0:1.0: 1 port detected
[    5.090364] xhci_hcd 0000:c6:00.3: xHCI Host Controller
[    5.090373] xhci_hcd 0000:c6:00.3: new USB bus registered, assigned bus number 5
[    5.090794] xhci_hcd 0000:c6:00.3: hcc params 0x0110ffc5 hci version 0x120 quirks 0x0000000200000410
[    5.091346] xhci_hcd 0000:c6:00.3: xHCI Host Controller
[    5.091349] xhci_hcd 0000:c6:00.3: new USB bus registered, assigned bus number 6
[    5.091352] xhci_hcd 0000:c6:00.3: Host supports USB 3.1 Enhanced SuperSpeed
[    5.091393] usb usb5: New USB device found, idVendor=1d6b, idProduct=0002, bcdDevice= 6.06
[    5.091395] usb usb5: New USB device strings: Mfr=3, Product=2, SerialNumber=1
[    5.091397] usb usb5: Product: xHCI Host Controller
[    5.091399] usb usb5: Manufacturer: Linux 6.6.8-arch1-1 xhci-hcd
[    5.091401] usb usb5: SerialNumber: 0000:c6:00.3
[    5.091509] hub 5-0:1.0: USB hub found
[    5.091541] hub 5-0:1.0: 1 port detected
[    5.092770] usb usb6: We don't know the algorithms for LPM for this host, disabling LPM.
[    5.092805] usb usb6: New USB device found, idVendor=1d6b, idProduct=0003, bcdDevice= 6.06
[    5.092807] usb usb6: New USB device strings: Mfr=3, Product=2, SerialNumber=1
[    5.092809] usb usb6: Product: xHCI Host Controller
[    5.092811] usb usb6: Manufacturer: Linux 6.6.8-arch1-1 xhci-hcd
[    5.092813] usb usb6: SerialNumber: 0000:c6:00.3
[    5.092915] hub 6-0:1.0: USB hub found
[    5.092944] hub 6-0:1.0: 1 port detected
[    5.093122] nvme nvme0: pci function 0000:01:00.0
[    5.094536] AVX2 version of gcm_enc/dec engaged.
[    5.094591] AES CTR mode by8 optimization enabled
[    5.094797] xhci_hcd 0000:c6:00.4: xHCI Host Controller
[    5.094805] xhci_hcd 0000:c6:00.4: new USB bus registered, assigned bus number 7
[    5.095165] xhci_hcd 0000:c6:00.4: hcc params 0x0110ffc5 hci version 0x120 quirks 0x0000000200000410
[    5.095719] xhci_hcd 0000:c6:00.4: xHCI Host Controller
[    5.095723] xhci_hcd 0000:c6:00.4: new USB bus registered, assigned bus number 8
[    5.095725] xhci_hcd 0000:c6:00.4: Host supports USB 3.1 Enhanced SuperSpeed
[    5.095766] usb usb7: New USB device found, idVendor=1d6b, idProduct=0002, bcdDevice= 6.06
[    5.095768] usb usb7: New USB device strings: Mfr=3, Product=2, SerialNumber=1
[    5.095770] usb usb7: Product: xHCI Host Controller
[    5.095772] usb usb7: Manufacturer: Linux 6.6.8-arch1-1 xhci-hcd
[    5.095774] usb usb7: SerialNumber: 0000:c6:00.4
[    5.095869] hub 7-0:1.0: USB hub found
[    5.095901] hub 7-0:1.0: 1 port detected
[    5.097092] usb usb8: We don't know the algorithms for LPM for this host, disabling LPM.
[    5.097117] usb usb8: New USB device found, idVendor=1d6b, idProduct=0003, bcdDevice= 6.06
[    5.097119] usb usb8: New USB device strings: Mfr=3, Product=2, SerialNumber=1
[    5.097121] usb usb8: Product: xHCI Host Controller
[    5.097123] usb usb8: Manufacturer: Linux 6.6.8-arch1-1 xhci-hcd
[    5.097124] usb usb8: SerialNumber: 0000:c6:00.4
[    5.097213] hub 8-0:1.0: USB hub found
[    5.097229] hub 8-0:1.0: 1 port detected
[    5.105246] input: AT Translated Set 2 keyboard as /devices/platform/i8042/serio0/input/input3
[    5.106236] nvme nvme0: missing or invalid SUBNQN field.
[    5.114645] nvme nvme0: allocated 32 MiB host memory buffer.
[    5.121042] nvme nvme0: 8/0/0 default/read/poll queues
[    5.125478]  nvme0n1: p1 p2 p3 p4
[    5.176878] raid6: skipped pq benchmark and selected avx512x4
[    5.176888] raid6: using avx512x2 recovery algorithm
[    5.180275] xor: automatically using best checksumming function   avx       
[    5.278587] Btrfs loaded, zoned=yes, fsverity=yes
[    5.286802] BTRFS: device label system devid 1 transid 8587 /dev/nvme0n1p2 scanned by (udev-worker) (246)
[    5.287422] BTRFS: device label repos devid 1 transid 89 /dev/nvme0n1p3 scanned by (udev-worker) (214)
[    5.333780] usb 1-2: new full-speed USB device number 2 using xhci_hcd
[    5.340893] usb 3-1: new high-speed USB device number 2 using xhci_hcd
[    5.347102] usb 7-1: new high-speed USB device number 2 using xhci_hcd
[    5.492247] usb 7-1: New USB device found, idVendor=2109, idProduct=2824, bcdDevice= 1.84
[    5.492251] usb 7-1: New USB device strings: Mfr=1, Product=2, SerialNumber=3
[    5.492253] usb 7-1: Product: USB2.0 Hub             
[    5.492255] usb 7-1: Manufacturer: VIA Labs, Inc.         
[    5.492257] usb 7-1: SerialNumber: 000000001
[    5.496393] usb 1-2: New USB device found, idVendor=046a, idProduct=0079, bcdDevice= 1.02
[    5.496403] usb 1-2: New USB device strings: Mfr=1, Product=2, SerialNumber=0
[    5.496408] usb 1-2: Product: Mechanical Keyboard
[    5.496411] usb 1-2: Manufacturer: CHERRY
[    5.498644] usb 3-1: New USB device found, idVendor=174f, idProduct=2454, bcdDevice= 0.29
[    5.498653] usb 3-1: New USB device strings: Mfr=2, Product=1, SerialNumber=0
[    5.498659] usb 3-1: Product: Integrated Camera
[    5.498662] usb 3-1: Manufacturer: Sonix Technology Co., Ltd.
[    5.545550] hub 7-1:1.0: USB hub found
[    5.546008] hub 7-1:1.0: 5 ports detected
[    5.627459] usb 1-3: new full-speed USB device number 3 using xhci_hcd
[    5.639888] usb 8-1: new SuperSpeed Plus Gen 2x1 USB device number 2 using xhci_hcd
[    5.760433] usb 8-1: New USB device found, idVendor=2109, idProduct=0824, bcdDevice= 1.84
[    5.760442] usb 8-1: New USB device strings: Mfr=1, Product=2, SerialNumber=3
[    5.760448] usb 8-1: Product: USB3.1 Hub             
[    5.760452] usb 8-1: Manufacturer: VIA Labs, Inc.         
[    5.760455] usb 8-1: SerialNumber: 000000001
[    5.785522] hub 8-1:1.0: USB hub found
[    5.785776] hub 8-1:1.0: 4 ports detected
[    5.875245] usb 1-3: New USB device found, idVendor=2541, idProduct=0236, bcdDevice= 2.00
[    5.875255] usb 1-3: New USB device strings: Mfr=1, Product=2, SerialNumber=0
[    5.875260] usb 1-3: Product: CS9711Fingprint
[    5.875264] usb 1-3: Manufacturer: Chipsailing
[    6.007086] usb 1-4: new high-speed USB device number 4 using xhci_hcd
[    6.148964] usb 1-4: New USB device found, idVendor=1a40, idProduct=0101, bcdDevice= 1.11
[    6.148969] usb 1-4: New USB device strings: Mfr=0, Product=1, SerialNumber=0
[    6.148971] usb 1-4: Product: USB 2.0 Hub
[    6.197637] hub 1-4:1.0: USB hub found
[    6.197963] hub 1-4:1.0: 4 ports detected
[    6.300419] usb 7-1.5: new high-speed USB device number 3 using xhci_hcd
[    6.320426] usb 1-5: new full-speed USB device number 5 using xhci_hcd
[    6.394154] usb 7-1.5: New USB device found, idVendor=2109, idProduct=8824, bcdDevice= 0.01
[    6.394158] usb 7-1.5: New USB device strings: Mfr=1, Product=2, SerialNumber=3
[    6.394160] usb 7-1.5: Product: USB Billboard Device   
[    6.394161] usb 7-1.5: Manufacturer: VIA Labs, Inc.         
[    6.394163] usb 7-1.5: SerialNumber: 0000000000000001
[    6.463951] usb 8-1.3: new SuperSpeed USB device number 3 using xhci_hcd
[    6.482098] usb 8-1.3: New USB device found, idVendor=0781, idProduct=5581, bcdDevice= 1.00
[    6.482105] usb 8-1.3: New USB device strings: Mfr=1, Product=2, SerialNumber=3
[    6.482107] usb 8-1.3: Product: Ultra
[    6.482108] usb 8-1.3: Manufacturer: SanDisk
[    6.482110] usb 8-1.3: SerialNumber: 4C531001571018106103
[    6.488250] usb 1-5: New USB device found, idVendor=8087, idProduct=0032, bcdDevice= 0.00
[    6.488260] usb 1-5: New USB device strings: Mfr=0, Product=0, SerialNumber=0
[    6.511594] usb-storage 8-1.3:1.0: USB Mass Storage device detected
[    6.511813] scsi host0: usb-storage 8-1.3:1.0
[    6.511948] usbcore: registered new interface driver usb-storage
[    6.515257] usbcore: registered new interface driver uas
[    6.515645] input: CHERRY Mechanical Keyboard as /devices/pci0000:00/0000:00:08.1/0000:c4:00.3/usb1/1-2/1-2:1.0/0003:046A:0079.0001/input/input4
[    6.518583] [drm] amdgpu kernel modesetting enabled.
[    6.533517] amdgpu: Virtual CRAT table created for CPU
[    6.533535] amdgpu: Topology: Add CPU node
[    6.533755] amdgpu 0000:c4:00.0: enabling device (0006 -> 0007)
[    6.533856] [drm] initializing kernel modesetting (IP DISCOVERY 0x1002:0x15BF 0x1F66:0x0030 0xC9).
[    6.534090] [drm] register mmio base: 0xDC500000
[    6.534092] [drm] register mmio size: 524288
[    6.538139] [drm] add ip block number 0 <soc21_common>
[    6.538143] [drm] add ip block number 1 <gmc_v11_0>
[    6.538145] [drm] add ip block number 2 <ih_v6_0>
[    6.538147] [drm] add ip block number 3 <psp>
[    6.538149] [drm] add ip block number 4 <smu>
[    6.538151] [drm] add ip block number 5 <dm>
[    6.538153] [drm] add ip block number 6 <gfx_v11_0>
[    6.538156] [drm] add ip block number 7 <sdma_v6_0>
[    6.538158] [drm] add ip block number 8 <vcn_v4_0>
[    6.538159] [drm] add ip block number 9 <jpeg_v4_0>
[    6.538161] [drm] add ip block number 10 <mes_v11_0>
[    6.538198] amdgpu 0000:c4:00.0: amdgpu: Fetched VBIOS from VFCT
[    6.538201] amdgpu: ATOM BIOS: 113-PHXGENERIC-001
[    6.541084] [drm] VCN(0) encode/decode are enabled in VM mode
[    6.542076] amdgpu 0000:c4:00.0: [drm:jpeg_v4_0_early_init [amdgpu]] JPEG decode is enabled in VM mode
[    6.554561] Console: switching to colour dummy device 80x25
[    6.557894] usb 8-1.4: new SuperSpeed USB device number 4 using xhci_hcd
[    6.571665] hid-generic 0003:046A:0079.0001: input,hidraw0: USB HID v1.11 Keyboard [CHERRY Mechanical Keyboard] on usb-0000:c4:00.3-2/input0
[    6.576560] input: CHERRY Mechanical Keyboard as /devices/pci0000:00/0000:00:08.1/0000:c4:00.3/usb1/1-2/1-2:1.1/0003:046A:0079.0002/input/input5
[    6.577070] usb 8-1.4: New USB device found, idVendor=0bda, idProduct=8153, bcdDevice=30.00
[    6.577077] usb 8-1.4: New USB device strings: Mfr=1, Product=2, SerialNumber=6
[    6.577079] usb 8-1.4: Product: USB 10/100/1000 LAN
[    6.577081] usb 8-1.4: Manufacturer: Realtek
[    6.577083] usb 8-1.4: SerialNumber: 000001
[    6.594839] amdgpu 0000:c4:00.0: vgaarb: deactivate vga console
[    6.594850] amdgpu 0000:c4:00.0: amdgpu: Trusted Memory Zone (TMZ) feature enabled
[    6.594930] [drm] vm size is 262144 GB, 4 levels, block size is 9-bit, fragment size is 9-bit
[    6.594961] amdgpu 0000:c4:00.0: amdgpu: VRAM: 6144M 0x0000008000000000 - 0x000000817FFFFFFF (6144M used)
[    6.594964] amdgpu 0000:c4:00.0: amdgpu: GART: 512M 0x0000000000000000 - 0x000000001FFFFFFF
[    6.594966] amdgpu 0000:c4:00.0: amdgpu: AGP: 267894784M 0x0000008400000000 - 0x0000FFFFFFFFFFFF
[    6.594982] [drm] Detected VRAM RAM=6144M, BAR=6144M
[    6.594984] [drm] RAM width 128bits LPDDR5
[    6.595359] [drm] amdgpu: 6144M of VRAM memory ready
[    6.595363] [drm] amdgpu: 12886M of GTT memory ready.
[    6.595394] [drm] GART: num cpu pages 131072, num gpu pages 131072
[    6.595855] [drm] PCIE GART of 512M enabled (table at 0x000000817FD00000).
[    6.596307] [drm] Loading DMUB firmware via PSP: version=0x08002A81
[    6.597121] [drm] Found VCN firmware Version ENC: 1.10 DEC: 5 VEP: 0 Revision: 0
[    6.597137] amdgpu 0000:c4:00.0: amdgpu: Will use PSP to load VCN firmware
[    6.611508] usbcore: registered new device driver r8152-cfgselector
[    6.623145] [drm] reserve 0x4a00000 from 0x8170000000 for PSP TMR
[    6.630701] input: CHERRY Mechanical Keyboard as /devices/pci0000:00/0000:00:08.1/0000:c4:00.3/usb1/1-2/1-2:1.1/0003:046A:0079.0002/input/input6
[    6.630947] input: CHERRY Mechanical Keyboard Mouse as /devices/pci0000:00/0000:00:08.1/0000:c4:00.3/usb1/1-2/1-2:1.1/0003:046A:0079.0002/input/input7
[    6.631529] hid-generic 0003:046A:0079.0002: input,hiddev96,hidraw1: USB HID v1.11 Keyboard [CHERRY Mechanical Keyboard] on usb-0000:c4:00.3-2/input1
[    6.631601] usbcore: registered new interface driver usbhid
[    6.631603] usbhid: USB HID core driver
[    6.660893] usb 1-4.2: new full-speed USB device number 6 using xhci_hcd
[    6.776161] r8152-cfgselector 8-1.4: reset SuperSpeed USB device number 4 using xhci_hcd
[    6.829709] r8152 8-1.4:1.0: load rtl8153a-4 v2 02/07/20 successfully
[    6.858044] r8152 8-1.4:1.0 eth0: v1.12.13
[    6.858087] usbcore: registered new interface driver r8152
[    6.865090] usbcore: registered new interface driver cdc_ether
[    6.868002] usbcore: registered new interface driver r8153_ecm
[    6.889251] usb 1-4.2: New USB device found, idVendor=0483, idProduct=52a4, bcdDevice= 2.00
[    6.889261] usb 1-4.2: New USB device strings: Mfr=1, Product=2, SerialNumber=3
[    6.889266] usb 1-4.2: Product: AYANEO COMPOSITE DEVICE
[    6.889270] usb 1-4.2: Manufacturer: AYANEO
[    6.889274] usb 1-4.2: SerialNumber: 205B348F5650
[    7.040596] input: AYANEO AYANEO COMPOSITE DEVICE as /devices/pci0000:00/0000:00:08.1/0000:c4:00.3/usb1/1-4/1-4.2/1-4.2:1.0/0003:0483:52A4.0003/input/input8
[    7.040798] hid-generic 0003:0483:52A4.0003: input,hidraw2: USB HID v1.11 Mouse [AYANEO AYANEO COMPOSITE DEVICE] on usb-0000:c4:00.3-4.2/input0
[    7.051565] input: AYANEO AYANEO COMPOSITE DEVICE as /devices/pci0000:00/0000:00:08.1/0000:c4:00.3/usb1/1-4/1-4.2/1-4.2:1.1/0003:0483:52A4.0004/input/input9
[    7.107675] hid-generic 0003:0483:52A4.0004: input,hidraw3: USB HID v1.11 Keyboard [AYANEO AYANEO COMPOSITE DEVICE] on usb-0000:c4:00.3-4.2/input1
[    7.117810] hid-generic 0003:0483:52A4.0005: hiddev97,hidraw4: USB HID v1.11 Device [AYANEO AYANEO COMPOSITE DEVICE] on usb-0000:c4:00.3-4.2/input2
[    7.249654] amdgpu 0000:c4:00.0: amdgpu: RAS: optional ras ta ucode is not available
[    7.257046] amdgpu 0000:c4:00.0: amdgpu: RAP: optional rap ta ucode is not available
[    7.257049] amdgpu 0000:c4:00.0: amdgpu: SECUREDISPLAY: securedisplay ta ucode is not available
[    7.287120] amdgpu 0000:c4:00.0: amdgpu: SMU is initialized successfully!
[    7.287906] [drm] Display Core v3.2.247 initialized on DCN 3.1.4
[    7.287909] [drm] DP-HDMI FRL PCON supported
[    7.290918] [drm] DMUB hardware initialized: version=0x08002A81
[    7.397312] [drm] PSR support 0, DC PSR ver -1, sink PSR ver 0 DPCD caps 0x0 su_y_granularity 0
[    7.399980] [drm] kiq ring mec 3 pipe 1 q 0
[    7.403762] [drm] VCN decode and encode initialized successfully(under DPG Mode).
[    7.403806] amdgpu 0000:c4:00.0: [drm:jpeg_v4_0_hw_init [amdgpu]] JPEG decode initialized successfully.
[    7.457885] amdgpu: HMM registered 6144MB device memory
[    7.460092] kfd kfd: amdgpu: Allocated 3969056 bytes on gart
[    7.460117] kfd kfd: amdgpu: Total number of KFD nodes to be created: 1
[    7.460851] amdgpu: Virtual CRAT table created for GPU
[    7.461168] amdgpu: Topology: Add dGPU node [0x15bf:0x1002]
[    7.461171] kfd kfd: amdgpu: added device 1002:15bf
[    7.461201] amdgpu 0000:c4:00.0: amdgpu: SE 1, SH per SE 2, CU per SH 6, active_cu_number 12
[    7.461998] amdgpu 0000:c4:00.0: amdgpu: ring gfx_0.0.0 uses VM inv eng 0 on hub 0
[    7.462002] amdgpu 0000:c4:00.0: amdgpu: ring comp_1.0.0 uses VM inv eng 1 on hub 0
[    7.462004] amdgpu 0000:c4:00.0: amdgpu: ring comp_1.1.0 uses VM inv eng 4 on hub 0
[    7.462005] amdgpu 0000:c4:00.0: amdgpu: ring comp_1.2.0 uses VM inv eng 6 on hub 0
[    7.462007] amdgpu 0000:c4:00.0: amdgpu: ring comp_1.3.0 uses VM inv eng 7 on hub 0
[    7.462009] amdgpu 0000:c4:00.0: amdgpu: ring comp_1.0.1 uses VM inv eng 8 on hub 0
[    7.462010] amdgpu 0000:c4:00.0: amdgpu: ring comp_1.1.1 uses VM inv eng 9 on hub 0
[    7.462012] amdgpu 0000:c4:00.0: amdgpu: ring comp_1.2.1 uses VM inv eng 10 on hub 0
[    7.462013] amdgpu 0000:c4:00.0: amdgpu: ring comp_1.3.1 uses VM inv eng 11 on hub 0
[    7.462015] amdgpu 0000:c4:00.0: amdgpu: ring sdma0 uses VM inv eng 12 on hub 0
[    7.462017] amdgpu 0000:c4:00.0: amdgpu: ring vcn_unified_0 uses VM inv eng 0 on hub 8
[    7.462018] amdgpu 0000:c4:00.0: amdgpu: ring jpeg_dec uses VM inv eng 1 on hub 8
[    7.462020] amdgpu 0000:c4:00.0: amdgpu: ring mes_kiq_3.1.0 uses VM inv eng 13 on hub 0
[    7.463628] [drm] ring gfx_32768.1.1 was added
[    7.464069] [drm] ring compute_32768.2.2 was added
[    7.464506] [drm] ring sdma_32768.3.3 was added
[    7.464594] [drm] ring gfx_32768.1.1 ib test pass
[    7.464644] [drm] ring compute_32768.2.2 ib test pass
[    7.464720] [drm] ring sdma_32768.3.3 ib test pass
[    7.467381] [drm] Initialized amdgpu 3.54.0 20150101 for 0000:c4:00.0 on minor 1
[    7.474610] fbcon: amdgpudrmfb (fb0) is primary device
[    7.474877] [drm] DSC precompute is not needed.
[    7.538579] scsi 0:0:0:0: Direct-Access     SanDisk  Ultra            1.00 PQ: 0 ANSI: 6
[    7.540095] sd 0:0:0:0: [sda] 121438208 512-byte logical blocks: (62.2 GB/57.9 GiB)
[    7.540421] sd 0:0:0:0: [sda] Write Protect is off
[    7.540426] sd 0:0:0:0: [sda] Mode Sense: 43 00 00 00
[    7.540792] sd 0:0:0:0: [sda] Write cache: disabled, read cache: enabled, doesn't support DPO or FUA
[    7.543300]  sda: sda1 sda2
[    7.543518] sd 0:0:0:0: [sda] Attached SCSI removable disk
[    8.740926] Console: switching to colour frame buffer device 100x80
[    8.761284] amdgpu 0000:c4:00.0: [drm] fb0: amdgpudrmfb frame buffer device
[    8.905497] ISO 9660 Extensions: Microsoft Joliet Level 3
[    8.907302] ISO 9660 Extensions: RRIP_1991A
[   18.552141] loop: module loaded
[   18.552780] loop0: detected capacity change from 0 to 1551904
[   18.560691] squashfs: version 4.0 (2009/01/31) Phillip Lougher
[   18.570796] overlayfs: "xino" feature enabled using 2 upper inode bits.
[   19.157975] systemd[1]: systemd 255.2-1-arch running in system mode (+PAM +AUDIT -SELINUX -APPARMOR -IMA +SMACK +SECCOMP +GCRYPT +GNUTLS +OPENSSL +ACL +BLKID +CURL +ELFUTILS +FIDO2 +IDN2 -IDN +IPTC +KMOD +LIBCRYPTSETUP +LIBFDISK +PCRE2 +PWQUALITY +P11KIT +QRENCODE +TPM2 +BZIP2 +LZ4 +XZ +ZLIB +ZSTD +BPF_FRAMEWORK +XKBCOMMON +UTMP -SYSVINIT default-hierarchy=unified)
[   19.157983] systemd[1]: Detected architecture x86-64.
[   19.170763] systemd[1]: Detected first boot.
[   19.185704] systemd[1]: Hostname set to <archiso>.
[   19.186500] systemd[1]: Initializing machine ID from random generator.
[   19.381080] systemd[1]: bpf-lsm: LSM BPF program attached
[   20.039274] systemd[1]: Populated /etc with preset unit settings.
[   20.154463] systemd[1]: Queued start job for default target Graphical Interface.
[   20.189351] systemd[1]: Created slice Slice /system/getty.
[   20.189710] systemd[1]: Created slice Slice /system/modprobe.
[   20.189920] systemd[1]: Created slice User and Session Slice.
[   20.190016] systemd[1]: Started Dispatch Password Requests to Console Directory Watch.
[   20.190100] systemd[1]: Started Forward Password Requests to Wall Directory Watch.
[   20.190306] systemd[1]: Set up automount Arbitrary Executable File Formats File System Automount Point.
[   20.190390] systemd[1]: Reached target Local Encrypted Volumes.
[   20.190458] systemd[1]: Reached target Local Integrity Protected Volumes.
[   20.190526] systemd[1]: Reached target Path Units.
[   20.190568] systemd[1]: Reached target Remote Encrypted Volumes.
[   20.190619] systemd[1]: Reached target Remote File Systems.
[   20.190666] systemd[1]: Reached target Slice Units.
[   20.190708] systemd[1]: Reached target Swaps.
[   20.190757] systemd[1]: Reached target Local Verity Protected Volumes.
[   20.190856] systemd[1]: Listening on Device-mapper event daemon FIFOs.
[   20.192241] systemd[1]: Listening on LVM2 poll daemon socket.
[   20.193809] systemd[1]: Listening on Process Core Dump Socket.
[   20.194447] systemd[1]: Listening on Journal Audit Socket.
[   20.194589] systemd[1]: Listening on Journal Socket (/dev/log).
[   20.194734] systemd[1]: Listening on Journal Socket.
[   20.194879] systemd[1]: Listening on Network Service Netlink Socket.
[   20.194969] systemd[1]: TPM2 PCR Extension (Varlink) was skipped because of an unmet condition check (ConditionSecurity=measured-uki).
[   20.196050] systemd[1]: Listening on udev Control Socket.
[   20.196167] systemd[1]: Listening on udev Kernel Socket.
[   20.196821] systemd[1]: Listening on User Database Manager Socket.
[   20.208934] systemd[1]: Mounting Huge Pages File System...
[   20.210361] systemd[1]: Mounting POSIX Message Queue File System...
[   20.211053] systemd[1]: Mounting Kernel Debug File System...
[   20.211706] systemd[1]: Mounting Kernel Trace File System...
[   20.212548] systemd[1]: Mounting Temporary Directory /tmp...
[   20.214149] systemd[1]: Starting Create List of Static Device Nodes...
[   20.215055] systemd[1]: Starting Monitoring of LVM2 mirrors, snapshots etc. using dmeventd or progress polling...
[   20.216108] systemd[1]: Starting Load Kernel Module configfs...
[   20.217015] systemd[1]: Starting Load Kernel Module dm_mod...
[   20.217906] systemd[1]: Starting Load Kernel Module drm...
[   20.218784] systemd[1]: Starting Load Kernel Module efi_pstore...
[   20.219675] systemd[1]: Starting Load Kernel Module fuse...
[   20.220925] systemd[1]: Starting Load Kernel Module loop...
[   20.223100] systemd[1]: Starting Journal Service...
[   20.273990] systemd[1]: Starting Load Kernel Modules...
[   20.274876] systemd[1]: Starting Generate network units from Kernel command line...
[   20.275005] systemd[1]: TPM2 PCR Machine ID Measurement was skipped because of an unmet condition check (ConditionSecurity=measured-uki).
[   20.275817] systemd[1]: Starting Remount Root and Kernel File Systems...
[   20.276886] systemd[1]: Starting Wait Until Kernel Time Synchronized...
[   20.277030] systemd[1]: TPM2 SRK Setup (Early) was skipped because of an unmet condition check (ConditionSecurity=measured-uki).
[   20.277925] systemd[1]: Starting Coldplug All udev Devices...
[   20.279914] systemd[1]: Mounted Huge Pages File System.
[   20.280159] systemd[1]: Mounted POSIX Message Queue File System.
[   20.280357] systemd[1]: Mounted Kernel Debug File System.
[   20.280581] systemd[1]: Mounted Kernel Trace File System.
[   20.280762] systemd[1]: Mounted Temporary Directory /tmp.
[   20.281493] fuse: init (API version 7.39)
[   20.283553] device-mapper: uevent: version 1.0.3
[   20.283626] device-mapper: ioctl: 4.48.0-ioctl (2023-03-01) initialised: dm-devel@redhat.com
[   20.313442] systemd-journald[408]: Collecting audit messages is enabled.
[   20.334246] systemd[1]: Finished Create List of Static Device Nodes.
[   20.334560] audit: type=1130 audit(1707044787.167:2): pid=1 uid=0 auid=4294967295 ses=4294967295 msg='unit=kmod-static-nodes comm="systemd" exe="/usr/lib/systemd/systemd" hostname=? addr=? terminal=? res=success'
[   20.334982] systemd[1]: modprobe@configfs.service: Deactivated successfully.
[   20.384174] systemd[1]: Finished Load Kernel Module configfs.
[   20.384399] audit: type=1130 audit(1707044787.217:3): pid=1 uid=0 auid=4294967295 ses=4294967295 msg='unit=modprobe@configfs comm="systemd" exe="/usr/lib/systemd/systemd" hostname=? addr=? terminal=? res=success'
[   20.384435] audit: type=1131 audit(1707044787.217:4): pid=1 uid=0 auid=4294967295 ses=4294967295 msg='unit=modprobe@configfs comm="systemd" exe="/usr/lib/systemd/systemd" hostname=? addr=? terminal=? res=success'
[   20.384695] systemd[1]: Started Journal Service.
[   20.384828] audit: type=1130 audit(1707044787.217:5): pid=1 uid=0 auid=4294967295 ses=4294967295 msg='unit=systemd-journald comm="systemd" exe="/usr/lib/systemd/systemd" hostname=? addr=? terminal=? res=success'
[   20.424546] audit: type=1130 audit(1707044787.257:6): pid=1 uid=0 auid=4294967295 ses=4294967295 msg='unit=modprobe@dm_mod comm="systemd" exe="/usr/lib/systemd/systemd" hostname=? addr=? terminal=? res=success'
[   20.424555] audit: type=1131 audit(1707044787.257:7): pid=1 uid=0 auid=4294967295 ses=4294967295 msg='unit=modprobe@dm_mod comm="systemd" exe="/usr/lib/systemd/systemd" hostname=? addr=? terminal=? res=success'
[   20.434664] Asymmetric key parser 'pkcs8' registered
[   20.449589] audit: type=1130 audit(1707044787.280:8): pid=1 uid=0 auid=4294967295 ses=4294967295 msg='unit=modprobe@drm comm="systemd" exe="/usr/lib/systemd/systemd" hostname=? addr=? terminal=? res=success'
[   20.449595] audit: type=1131 audit(1707044787.280:9): pid=1 uid=0 auid=4294967295 ses=4294967295 msg='unit=modprobe@drm comm="systemd" exe="/usr/lib/systemd/systemd" hostname=? addr=? terminal=? res=success'
[   20.479721] audit: type=1130 audit(1707044787.310:10): pid=1 uid=0 auid=4294967295 ses=4294967295 msg='unit=modprobe@efi_pstore comm="systemd" exe="/usr/lib/systemd/systemd" hostname=? addr=? terminal=? res=success'
[   20.479728] audit: type=1131 audit(1707044787.310:11): pid=1 uid=0 auid=4294967295 ses=4294967295 msg='unit=modprobe@efi_pstore comm="systemd" exe="/usr/lib/systemd/systemd" hostname=? addr=? terminal=? res=success'
[   20.881549] systemd-journald[408]: Received client request to flush runtime journal.
[   22.416189] Goodix-TS i2c-GDIX1002:00: supply AVDD28 not found, using dummy regulator
[   22.416259] Goodix-TS i2c-GDIX1002:00: supply VDDIO not found, using dummy regulator
[   22.416866] Goodix-TS i2c-GDIX1002:00: ID 927, version: 1040
[   22.421919] input: Goodix Capacitive TouchScreen as /devices/platform/AMDI0010:00/i2c-0/i2c-GDIX1002:00/input/input10
[   22.501307] mousedev: PS/2 mouse device common for all mice
[   22.509645] r8152 8-1.4:1.0 enp198s0f4u1u4: renamed from eth0
[   22.546180] input: PC Speaker as /devices/platform/pcspkr/input/input12
[   22.546464] piix4_smbus 0000:00:14.0: SMBus Host Controller at 0xb00, revision 0
[   22.546468] piix4_smbus 0000:00:14.0: Using register 0x02 for SMBus port selection
[   22.550002] piix4_smbus 0000:00:14.0: Auxiliary SMBus Host Controller at 0xb20
[   22.553145] ccp 0000:c4:00.2: enabling device (0000 -> 0002)
[   22.560940] RAPL PMU: API unit is 2^-32 Joules, 1 fixed counters, 163840 ms ovfl timer
[   22.560943] RAPL PMU: hw unit of domain package 2^-16 Joules
[   22.563656] ccp 0000:c4:00.2: tee enabled
[   22.564129] ccp 0000:c4:00.2: psp enabled
[   22.651331] sp5100_tco: SP5100/SB800 TCO WatchDog Timer Driver
[   22.651540] sp5100-tco sp5100-tco: Using 0xfeb00000 for watchdog MMIO address
[   22.652004] sp5100-tco sp5100-tco: initialized. heartbeat=60 sec (nowayout=0)
[   22.699916] cfg80211: Loading compiled-in X.509 certificates for regulatory database
[   22.700225] Loaded X.509 cert 'sforshee: 00b28ddf47aef9cea7'
[   22.708095] bmi160_i2c i2c-BMI0160:00: supply vdd not found, using dummy regulator
[   22.708138] bmi160_i2c i2c-BMI0160:00: supply vddio not found, using dummy regulator
[   22.708150] bmi160_i2c i2c-BMI0160:00: mounting matrix not found: using identity...
[   22.709483] bmi160_i2c i2c-BMI0160:00: Error reading chip id
[   22.713457] bmi160_i2c: probe of i2c-BMI0160:00 failed with error -121
[   22.774600] Bluetooth: Core ver 2.22
[   22.774633] NET: Registered PF_BLUETOOTH protocol family
[   22.774635] Bluetooth: HCI device and connection manager initialized
[   22.774642] Bluetooth: HCI socket layer initialized
[   22.774646] Bluetooth: L2CAP socket layer initialized
[   22.774651] Bluetooth: SCO socket layer initialized
[   22.785024] Intel(R) Wireless WiFi driver for Linux
[   22.785410] iwlwifi 0000:02:00.0: enabling device (0000 -> 0002)
[   22.793769] iwlwifi 0000:02:00.0: Detected crf-id 0x400410, cnv-id 0x400410 wfpm id 0x80000000
[   22.793819] iwlwifi 0000:02:00.0: PCI dev 2725/0024, rev=0x420, rfid=0x10d000
[   22.803860] mc: Linux media interface: v0.10
[   22.844052] videodev: Linux video capture interface: v2.00
[   22.877943] iwlwifi 0000:02:00.0: api flags index 2 larger than supported by driver
[   22.877976] iwlwifi 0000:02:00.0: TLV_FW_FSEQ_VERSION: FSEQ Version: 0.0.2.41
[   22.911757] iwlwifi 0000:02:00.0: loaded firmware version 83.e8f84e98.0 ty-a0-gf-a0-83.ucode op_mode iwlmvm
[   22.915140] wl: loading out-of-tree module taints kernel.
[   22.915144] wl: module license 'MIXED/Proprietary' taints kernel.
[   22.915145] Disabling lock debugging due to kernel taint
[   22.915147] wl: module verification failed: signature and/or required key missing - tainting kernel
[   22.915148] wl: module license taints kernel.
[   22.918992] usbcore: registered new interface driver btusb
[   22.924222] Bluetooth: hci0: Device revision is 0
[   22.924228] Bluetooth: hci0: Secure boot is enabled
[   22.924230] Bluetooth: hci0: OTP lock is enabled
[   22.924231] Bluetooth: hci0: API lock is enabled
[   22.924231] Bluetooth: hci0: Debug lock is disabled
[   22.924232] Bluetooth: hci0: Minimum firmware build 1 week 10 2014
[   22.924233] Bluetooth: hci0: Bootloader timestamp 2019.40 buildtype 1 build 38
[   22.924243] Bluetooth: hci0: No support for _PRR ACPI method
[   22.998193] snd_hda_intel 0000:c4:00.1: enabling device (0000 -> 0002)
[   22.998325] snd_hda_intel 0000:c4:00.1: Handle vga_switcheroo audio client
[   22.998585] snd_hda_intel 0000:c4:00.6: enabling device (0000 -> 0002)
[   23.005713] Bluetooth: hci0: Found device firmware: intel/ibt-0041-0041.sfi
[   23.005730] Bluetooth: hci0: Boot Address: 0x100800
[   23.005732] Bluetooth: hci0: Firmware Version: 151-42.23
[   23.027555] usb 3-1: Found UVC 1.00 device Integrated Camera (174f:2454)
[   23.027378] snd_hda_intel 0000:c4:00.1: bound 0000:c4:00.0 (ops amdgpu_dm_audio_component_bind_ops [amdgpu])
[   23.029214] input: HD-Audio Generic HDMI/DP,pcm=3 as /devices/pci0000:00/0000:00:08.1/0000:c4:00.1/sound/card0/input13
[   23.029279] input: HD-Audio Generic HDMI/DP,pcm=7 as /devices/pci0000:00/0000:00:08.1/0000:c4:00.1/sound/card0/input14
[   23.048654] usb 3-1: Found UVC 1.00 device Integrated Camera (174f:2454)
[   23.058889] usbcore: registered new interface driver uvcvideo
[   23.083071] snd_hda_codec_realtek hdaudioC1D0: autoconfig for ALC897: line_outs=1 (0x15/0x0/0x0/0x0/0x0) type:speaker
[   23.083081] snd_hda_codec_realtek hdaudioC1D0:    speaker_outs=0 (0x0/0x0/0x0/0x0/0x0)
[   23.083083] snd_hda_codec_realtek hdaudioC1D0:    hp_outs=1 (0x1b/0x0/0x0/0x0/0x0)
[   23.083084] snd_hda_codec_realtek hdaudioC1D0:    mono: mono_out=0x0
[   23.083086] snd_hda_codec_realtek hdaudioC1D0:    inputs:
[   23.083087] snd_hda_codec_realtek hdaudioC1D0:      Mic=0x19
[   23.083089] snd_hda_codec_realtek hdaudioC1D0:      Internal Mic=0x12
[   23.117163] input: HD-Audio Generic Mic as /devices/pci0000:00/0000:00:08.1/0000:c4:00.6/sound/card1/input15
[   23.117363] input: HD-Audio Generic Front Headphone as /devices/pci0000:00/0000:00:08.1/0000:c4:00.6/sound/card1/input16
[   23.172839] iwlwifi 0000:02:00.0: Detected Intel(R) Wi-Fi 6 AX210 160MHz, REV=0x420
[   23.172929] thermal thermal_zone1: failed to read out thermal zone (-61)
[   23.185217] iwlwifi 0000:02:00.0: WRT: Invalid buffer destination
[   23.240519] snd_pci_ps 0000:c4:00.5: enabling device (0000 -> 0002)
[   23.268120] kvm_amd: TSC scaling supported
[   23.268123] kvm_amd: Nested Virtualization enabled
[   23.268124] kvm_amd: Nested Paging enabled
[   23.268128] kvm_amd: Virtual VMLOAD VMSAVE supported
[   23.268129] kvm_amd: Virtual GIF supported
[   23.268129] kvm_amd: Virtual NMI enabled
[   23.268130] kvm_amd: LBR virtualization supported
[   23.284951] MCE: In-kernel MCE decoding enabled.
[   23.365855] iwlwifi 0000:02:00.0: WFPM_UMAC_PD_NOTIFICATION: 0x20
[   23.365926] iwlwifi 0000:02:00.0: WFPM_LMAC2_PD_NOTIFICATION: 0x1f
[   23.365982] iwlwifi 0000:02:00.0: WFPM_AUTH_KEY_0: 0x90
[   23.366038] iwlwifi 0000:02:00.0: CNVI_SCU_SEQ_DATA_DW9: 0x0
[   23.411306] iwlwifi 0000:02:00.0: loaded PNVM version e28bb9d7
[   23.414193] intel_rapl_common: Found RAPL domain package
[   23.414195] intel_rapl_common: Found RAPL domain core
[   23.426757] iwlwifi 0000:02:00.0: Detected RF GF, rfid=0x10d000
[   23.497814] iwlwifi 0000:02:00.0: base HW address: 74:3a:f4:fb:df:51
[   23.571108] iwlwifi 0000:02:00.0: WRT: Invalid buffer destination
[   23.742931] iwlwifi 0000:02:00.0: WFPM_UMAC_PD_NOTIFICATION: 0x20
[   23.743002] iwlwifi 0000:02:00.0: WFPM_LMAC2_PD_NOTIFICATION: 0x1f
[   23.743060] iwlwifi 0000:02:00.0: WFPM_AUTH_KEY_0: 0x90
[   23.743120] iwlwifi 0000:02:00.0: CNVI_SCU_SEQ_DATA_DW9: 0x0
[   23.839113] iwlwifi 0000:02:00.0: Registered PHC clock: iwlwifi-PTP, with index: 0
[   24.239469] Bluetooth: hci0: Waiting for firmware download to complete
[   24.240220] Bluetooth: hci0: Firmware loaded in 1205567 usecs
[   24.240357] Bluetooth: hci0: Waiting for device to boot
[   24.268631] Bluetooth: hci0: Device booted in 27704 usecs
[   24.268635] Bluetooth: hci0: Malformed MSFT vendor event: 0x02
[   24.271326] Bluetooth: hci0: Found Intel DDC parameters: intel/ibt-0041-0041.ddc
[   24.279375] Bluetooth: hci0: Applying Intel DDC parameters completed
[   24.288283] Bluetooth: hci0: Firmware timestamp 2023.42 buildtype 1 build 73111
[   24.322177] iwlwifi 0000:02:00.0: Microcode SW error detected. Restarting 0x0.
[   24.324405] iwlwifi 0000:02:00.0: Start IWL Error Log Dump:
[   24.325541] iwlwifi 0000:02:00.0: Transport status: 0x0000004A, valid: 6
[   24.326555] iwlwifi 0000:02:00.0: Loaded firmware version: 83.e8f84e98.0 ty-a0-gf-a0-83.ucode
[   24.327505] iwlwifi 0000:02:00.0: 0x00000071 | NMI_INTERRUPT_UMAC_FATAL    
[   24.328392] iwlwifi 0000:02:00.0: 0x000002F0 | trm_hw_status0
[   24.329221] iwlwifi 0000:02:00.0: 0x00000000 | trm_hw_status1
[   24.330024] iwlwifi 0000:02:00.0: 0x004DC410 | branchlink2
[   24.330803] iwlwifi 0000:02:00.0: 0x004D233E | interruptlink1
[   24.331553] iwlwifi 0000:02:00.0: 0x004D233E | interruptlink2
[   24.332322] iwlwifi 0000:02:00.0: 0x00016DBE | data1
[   24.333059] iwlwifi 0000:02:00.0: 0x00000010 | data2
[   24.333816] iwlwifi 0000:02:00.0: 0x00000000 | data3
[   24.334542] iwlwifi 0000:02:00.0: 0x003D130F | beacon time
[   24.335271] iwlwifi 0000:02:00.0: 0x000A0FC3 | tsf low
[   24.335997] iwlwifi 0000:02:00.0: 0x00000000 | tsf hi
[   24.336711] iwlwifi 0000:02:00.0: 0x00000000 | time gp1
[   24.337427] iwlwifi 0000:02:00.0: 0x000B6BD3 | time gp2
[   24.338127] iwlwifi 0000:02:00.0: 0x00000001 | uCode revision type
[   24.338864] iwlwifi 0000:02:00.0: 0x00000053 | uCode version major
[   24.339570] iwlwifi 0000:02:00.0: 0xE8F84E98 | uCode version minor
[   24.340267] iwlwifi 0000:02:00.0: 0x00000420 | hw version
[   24.340956] iwlwifi 0000:02:00.0: 0x00C80002 | board version
[   24.341645] iwlwifi 0000:02:00.0: 0x80C1FC01 | hcmd
[   24.342336] iwlwifi 0000:02:00.0: 0x00020000 | isr0
[   24.343023] iwlwifi 0000:02:00.0: 0x00000000 | isr1
[   24.343698] iwlwifi 0000:02:00.0: 0x48F04802 | isr2
[   24.344416] iwlwifi 0000:02:00.0: 0x00C3001C | isr3
[   24.345099] iwlwifi 0000:02:00.0: 0x00000000 | isr4
[   24.345758] iwlwifi 0000:02:00.0: 0x001D0103 | last cmd Id
[   24.346415] iwlwifi 0000:02:00.0: 0x00016DBE | wait_event
[   24.347047] iwlwifi 0000:02:00.0: 0x00000000 | l2p_control
[   24.347680] iwlwifi 0000:02:00.0: 0x00000000 | l2p_duration
[   24.348289] iwlwifi 0000:02:00.0: 0x00000000 | l2p_mhvalid
[   24.348901] iwlwifi 0000:02:00.0: 0x00000000 | l2p_addr_match
[   24.349530] iwlwifi 0000:02:00.0: 0x00000018 | lmpm_pmg_sel
[   24.350196] iwlwifi 0000:02:00.0: 0x00000000 | timestamp
[   24.350908] iwlwifi 0000:02:00.0: 0x00001840 | flow_handler
[   24.351870] iwlwifi 0000:02:00.0: Start IWL Error Log Dump:
[   24.352479] iwlwifi 0000:02:00.0: Transport status: 0x0000004A, valid: 7
[   24.353078] iwlwifi 0000:02:00.0: 0x2010190E | ADVANCED_SYSASSERT
[   24.353661] iwlwifi 0000:02:00.0: 0x00000000 | umac branchlink1
[   24.354271] iwlwifi 0000:02:00.0: 0x8046DA58 | umac branchlink2
[   24.354859] iwlwifi 0000:02:00.0: 0x0101F470 | umac interruptlink1
[   24.355431] iwlwifi 0000:02:00.0: 0x00000000 | umac interruptlink2
[   24.356021] iwlwifi 0000:02:00.0: 0x0101F71C | umac data1
[   24.356580] iwlwifi 0000:02:00.0: 0xDEADBEEF | umac data2
[   24.357151] iwlwifi 0000:02:00.0: 0xDEADBEEF | umac data3
[   24.357717] iwlwifi 0000:02:00.0: 0x00000053 | umac major
[   24.358275] iwlwifi 0000:02:00.0: 0xE8F84E98 | umac minor
[   24.358822] iwlwifi 0000:02:00.0: 0x000B6BCD | frame pointer
[   24.359357] iwlwifi 0000:02:00.0: 0xC0886BE0 | stack pointer
[   24.359890] iwlwifi 0000:02:00.0: 0x001D0103 | last host cmd
[   24.360431] iwlwifi 0000:02:00.0: 0x00000000 | isr status reg
[   24.361295] iwlwifi 0000:02:00.0: IML/ROM dump:
[   24.361817] iwlwifi 0000:02:00.0: 0x00000B03 | IML/ROM error/state
[   24.362665] iwlwifi 0000:02:00.0: 0x00008D5B | IML/ROM data1
[   24.363508] iwlwifi 0000:02:00.0: 0x00000090 | IML/ROM WFPM_AUTH_KEY_0
[   24.364339] iwlwifi 0000:02:00.0: Fseq Registers:
[   24.365156] iwlwifi 0000:02:00.0: 0x60000000 | FSEQ_ERROR_CODE
[   24.365985] iwlwifi 0000:02:00.0: 0x00440007 | FSEQ_TOP_INIT_VERSION
[   24.366767] iwlwifi 0000:02:00.0: 0x00080009 | FSEQ_CNVIO_INIT_VERSION
